Info: Starting: Create block symbol file (.bsf)
Info: qsys-generate /root/neurax/neurax/hardware/quartus/qsys/soc_system.qsys --block-symbol-file --output-directory=/root/neurax/neurax/hardware/quartus/qsys/soc_system --family="Cyclone V" --part=5CSEMA5F31C6
Progress: Loading qsys/soc_system.qsys
Progress: Reading input file
Progress: Adding DMA_neurax_read [altera_msgdma 24.1]
Progress: Parameterizing module DMA_neurax_read
Progress: Adding DMA_neurax_write [altera_msgdma 24.1]
Progress: Parameterizing module DMA_neurax_write
Progress: Adding clk_0 [clock_source 24.1]
Progress: Parameterizing module clk_0
Progress: Adding hps_0 [altera_hps 24.1]
Progress: Parameterizing module hps_0
Progress: Adding neurax_avalon_accelerator_0 [neurax_avalon_accelerator 1.0]
Progress: Parameterizing module neurax_avalon_accelerator_0
Progress: Adding pll_0 [altera_pll 24.1]
Progress: Parameterizing module pll_0
Progress: Building connections
Progress: Parameterizing connections
Progress: Validating
Progress: Done reading input file
Info: soc_system.DMA_neurax_write: Response information port is disabled. Enable the response port if data transfer information is required by host
Info: soc_system.hps_0: HPS Main PLL counter settings: n = 0  m = 73
Info: soc_system.hps_0: HPS peripherial PLL counter settings: n = 0  m = 39
Warning: soc_system.hps_0: "Configuration/HPS-to-FPGA user 0 clock frequency" (desired_cfg_clk_mhz) requested 100.0 MHz, but only achieved 97.368421 MHz
Warning: soc_system.hps_0: 1 or more output clock frequencies cannot be achieved precisely, consider revising desired output clock frequencies.
Warning: soc_system.hps_0: HPS model no longer supports simulation for HPS FPGA Bridges.
Info: soc_system.pll_0: The legal reference clock frequency is 5.0 MHz..800.0 MHz
Info: soc_system.pll_0: Able to implement PLL with user settings
Info: soc_system.neurax_avalon_accelerator_0.avalon_source/DMA_neurax_write.st_sink: The source has a channel signal of 1 bits, but the sink does not. Avalon-ST Adapter will be inserted.
Info: soc_system.neurax_avalon_accelerator_0.avalon_source/DMA_neurax_write.st_sink: The sink has a empty signal of 2 bits, but the source does not. Avalon-ST Adapter will be inserted.
Info: soc_system.DMA_neurax_read.st_source/neurax_avalon_accelerator_0.avalon_sink: Max channel is 1 for source and 0 for sink. Avalon-ST Adapter will be inserted..
Info: qsys-generate succeeded.
Info: Finished: Create block symbol file (.bsf)
Info: 
Info: Starting: Create HDL design files for synthesis
Info: qsys-generate /root/neurax/neurax/hardware/quartus/qsys/soc_system.qsys --synthesis=VHDL --output-directory=/root/neurax/neurax/hardware/quartus/qsys/soc_system/synthesis --family="Cyclone V" --part=5CSEMA5F31C6
Progress: Loading qsys/soc_system.qsys
Progress: Reading input file
Progress: Adding DMA_neurax_read [altera_msgdma 24.1]
Progress: Parameterizing module DMA_neurax_read
Progress: Adding DMA_neurax_write [altera_msgdma 24.1]
Progress: Parameterizing module DMA_neurax_write
Progress: Adding clk_0 [clock_source 24.1]
Progress: Parameterizing module clk_0
Progress: Adding hps_0 [altera_hps 24.1]
Progress: Parameterizing module hps_0
Progress: Adding neurax_avalon_accelerator_0 [neurax_avalon_accelerator 1.0]
Progress: Parameterizing module neurax_avalon_accelerator_0
Progress: Adding pll_0 [altera_pll 24.1]
Progress: Parameterizing module pll_0
Progress: Building connections
Progress: Parameterizing connections
Progress: Validating
Progress: Done reading input file
Info: soc_system.DMA_neurax_write: Response information port is disabled. Enable the response port if data transfer information is required by host
Info: soc_system.hps_0: HPS Main PLL counter settings: n = 0  m = 73
Info: soc_system.hps_0: HPS peripherial PLL counter settings: n = 0  m = 39
Warning: soc_system.hps_0: "Configuration/HPS-to-FPGA user 0 clock frequency" (desired_cfg_clk_mhz) requested 100.0 MHz, but only achieved 97.368421 MHz
Warning: soc_system.hps_0: 1 or more output clock frequencies cannot be achieved precisely, consider revising desired output clock frequencies.
Warning: soc_system.hps_0: HPS model no longer supports simulation for HPS FPGA Bridges.
Info: soc_system.pll_0: The legal reference clock frequency is 5.0 MHz..800.0 MHz
Info: soc_system.pll_0: Able to implement PLL with user settings
Info: soc_system.neurax_avalon_accelerator_0.avalon_source/DMA_neurax_write.st_sink: The source has a channel signal of 1 bits, but the sink does not. Avalon-ST Adapter will be inserted.
Info: soc_system.neurax_avalon_accelerator_0.avalon_source/DMA_neurax_write.st_sink: The sink has a empty signal of 2 bits, but the source does not. Avalon-ST Adapter will be inserted.
Info: soc_system.DMA_neurax_read.st_source/neurax_avalon_accelerator_0.avalon_sink: Max channel is 1 for source and 0 for sink. Avalon-ST Adapter will be inserted..
Info: soc_system: Generating "soc_system" for QUARTUS_SYNTH
Info: Interconnect is inserted between master DMA_neurax_read.mm_read and slave hps_0.f2h_sdram0_data because the master has address signal 32 bit wide, but the slave is 29 bit wide.
Info: Interconnect is inserted between master DMA_neurax_read.mm_read and slave hps_0.f2h_sdram0_data because the master has byteenable signal 4 bit wide, but the slave is 0 bit wide.
Info: Interconnect is inserted between master DMA_neurax_read.mm_read and slave hps_0.f2h_sdram0_data because the master has readdata signal 32 bit wide, but the slave is 64 bit wide.
Info: Interconnect is inserted between master DMA_neurax_write.mm_write and slave hps_0.f2h_sdram1_data because the master has address signal 32 bit wide, but the slave is 29 bit wide.
Info: Interconnect is inserted between master DMA_neurax_write.mm_write and slave hps_0.f2h_sdram1_data because the master has byteenable signal 4 bit wide, but the slave is 8 bit wide.
Info: Interconnect is inserted between master DMA_neurax_write.mm_write and slave hps_0.f2h_sdram1_data because the master has writedata signal 32 bit wide, but the slave is 64 bit wide.
Warning: hps_0.f2h_irq0: Cannot connect clock for irq_mapper.sender
Warning: hps_0.f2h_irq0: Cannot connect reset for irq_mapper.sender
Warning: hps_0.f2h_irq1: Cannot connect clock for irq_mapper_001.sender
Warning: hps_0.f2h_irq1: Cannot connect reset for irq_mapper_001.sender
Info: avalon_st_adapter: Inserting data_format_adapter: data_format_adapter_0
Info: avalon_st_adapter: Inserting channel_adapter: channel_adapter_0
Info: avalon_st_adapter_001: Inserting channel_adapter: channel_adapter_0
Info: DMA_neurax_read: "soc_system" instantiated altera_msgdma "DMA_neurax_read"
Info: DMA_neurax_write: "soc_system" instantiated altera_msgdma "DMA_neurax_write"
Info: hps_0: "Running  for module: hps_0"
Info: hps_0: HPS Main PLL counter settings: n = 0  m = 73
Info: hps_0: HPS peripherial PLL counter settings: n = 0  m = 39
Warning: hps_0: "Configuration/HPS-to-FPGA user 0 clock frequency" (desired_cfg_clk_mhz) requested 100.0 MHz, but only achieved 97.368421 MHz
Warning: hps_0: 1 or more output clock frequencies cannot be achieved precisely, consider revising desired output clock frequencies.
Warning: hps_0: HPS model no longer supports simulation for HPS FPGA Bridges.
Info: hps_0: "soc_system" instantiated altera_hps "hps_0"
Info: neurax_avalon_accelerator_0: "soc_system" instantiated neurax_avalon_accelerator "neurax_avalon_accelerator_0"
Info: pll_0: "soc_system" instantiated altera_pll "pll_0"
Info: avalon_st_adapter: Inserting error_adapter: error_adapter_0
Info: avalon_st_adapter_001: Inserting error_adapter: error_adapter_0
Info: avalon_st_adapter_002: Inserting error_adapter: error_adapter_0
Info: avalon_st_adapter_003: Inserting error_adapter: error_adapter_0
Info: avalon_st_adapter_004: Inserting error_adapter: error_adapter_0
Info: mm_interconnect_0: "soc_system" instantiated altera_mm_interconnect "mm_interconnect_0"
Info: avalon_st_adapter: Inserting error_adapter: error_adapter_0
Info: mm_interconnect_1: "soc_system" instantiated altera_mm_interconnect "mm_interconnect_1"
Info: avalon_st_adapter: Inserting error_adapter: error_adapter_0
Info: mm_interconnect_2: "soc_system" instantiated altera_mm_interconnect "mm_interconnect_2"
Info: irq_mapper: "soc_system" instantiated altera_irq_mapper "irq_mapper"
Info: irq_mapper_001: "soc_system" instantiated altera_irq_mapper "irq_mapper_001"
Info: avalon_st_adapter: "soc_system" instantiated altera_avalon_st_adapter "avalon_st_adapter"
Info: avalon_st_adapter_001: "soc_system" instantiated altera_avalon_st_adapter "avalon_st_adapter_001"
Info: rst_controller: "soc_system" instantiated altera_reset_controller "rst_controller"
Info: dispatcher_internal: "DMA_neurax_read" instantiated modular_sgdma_dispatcher "dispatcher_internal"
Info: read_mstr_internal: "DMA_neurax_read" instantiated dma_read_master "read_mstr_internal"
Info: write_mstr_internal: "DMA_neurax_write" instantiated dma_write_master "write_mstr_internal"
Info: fpga_interfaces: "hps_0" instantiated altera_interface_generator "fpga_interfaces"
Info: hps_io: "hps_0" instantiated altera_hps_io "hps_io"
Info: neurax_avalon_accelerator_0_avalon_slave_0_translator: "mm_interconnect_0" instantiated altera_merlin_slave_translator "neurax_avalon_accelerator_0_avalon_slave_0_translator"
Info: hps_0_h2f_lw_axi_master_agent: "mm_interconnect_0" instantiated altera_merlin_axi_master_ni "hps_0_h2f_lw_axi_master_agent"
Info: neurax_avalon_accelerator_0_avalon_slave_0_agent: "mm_interconnect_0" instantiated altera_merlin_slave_agent "neurax_avalon_accelerator_0_avalon_slave_0_agent"
Info: neurax_avalon_accelerator_0_avalon_slave_0_agent_rsp_fifo: "mm_interconnect_0" instantiated altera_avalon_sc_fifo "neurax_avalon_accelerator_0_avalon_slave_0_agent_rsp_fifo"
Info: router: "mm_interconnect_0" instantiated altera_merlin_router "router"
Info: router_002: "mm_interconnect_0" instantiated altera_merlin_router "router_002"
Info: router_005: "mm_interconnect_0" instantiated altera_merlin_router "router_005"
Info: hps_0_h2f_lw_axi_master_wr_limiter: "mm_interconnect_0" instantiated altera_merlin_traffic_limiter "hps_0_h2f_lw_axi_master_wr_limiter"
Info: Reusing file /root/neurax/neurax/hardware/quartus/qsys/soc_system/synthesis/submodules/altera_avalon_sc_fifo.v
Info: neurax_avalon_accelerator_0_avalon_slave_0_burst_adapter: "mm_interconnect_0" instantiated altera_merlin_burst_adapter "neurax_avalon_accelerator_0_avalon_slave_0_burst_adapter"
Info: Reusing file /root/neurax/neurax/hardware/quartus/qsys/soc_system/synthesis/submodules/altera_merlin_address_alignment.sv
Info: Reusing file /root/neurax/neurax/hardware/quartus/qsys/soc_system/synthesis/submodules/altera_avalon_st_pipeline_base.v
Info: cmd_demux: "mm_interconnect_0" instantiated altera_merlin_demultiplexer "cmd_demux"
Info: cmd_mux: "mm_interconnect_0" instantiated altera_merlin_multiplexer "cmd_mux"
Info: rsp_demux: "mm_interconnect_0" instantiated altera_merlin_demultiplexer "rsp_demux"
Info: rsp_mux: "mm_interconnect_0" instantiated altera_merlin_multiplexer "rsp_mux"
Info: Reusing file /root/neurax/neurax/hardware/quartus/qsys/soc_system/synthesis/submodules/altera_merlin_arbitrator.sv
Info: DMA_neurax_read_descriptor_slave_rsp_width_adapter: "mm_interconnect_0" instantiated altera_merlin_width_adapter "DMA_neurax_read_descriptor_slave_rsp_width_adapter"
Info: Reusing file /root/neurax/neurax/hardware/quartus/qsys/soc_system/synthesis/submodules/altera_merlin_address_alignment.sv
Info: Reusing file /root/neurax/neurax/hardware/quartus/qsys/soc_system/synthesis/submodules/altera_merlin_burst_uncompressor.sv
Info: avalon_st_adapter: "mm_interconnect_0" instantiated altera_avalon_st_adapter "avalon_st_adapter"
Info: avalon_st_adapter_003: "mm_interconnect_0" instantiated altera_avalon_st_adapter "avalon_st_adapter_003"
Info: DMA_neurax_read_mm_read_translator: "mm_interconnect_1" instantiated altera_merlin_master_translator "DMA_neurax_read_mm_read_translator"
Info: DMA_neurax_read_mm_read_agent: "mm_interconnect_1" instantiated altera_merlin_master_agent "DMA_neurax_read_mm_read_agent"
Info: router: "mm_interconnect_1" instantiated altera_merlin_router "router"
Info: router_001: "mm_interconnect_1" instantiated altera_merlin_router "router_001"
Info: cmd_demux: "mm_interconnect_1" instantiated altera_merlin_demultiplexer "cmd_demux"
Info: cmd_mux: "mm_interconnect_1" instantiated altera_merlin_multiplexer "cmd_mux"
Info: Reusing file /root/neurax/neurax/hardware/quartus/qsys/soc_system/synthesis/submodules/altera_merlin_arbitrator.sv
Info: rsp_mux: "mm_interconnect_1" instantiated altera_merlin_multiplexer "rsp_mux"
Info: Reusing file /root/neurax/neurax/hardware/quartus/qsys/soc_system/synthesis/submodules/altera_merlin_arbitrator.sv
Info: avalon_st_adapter: "mm_interconnect_1" instantiated altera_avalon_st_adapter "avalon_st_adapter"
Info: router: "mm_interconnect_2" instantiated altera_merlin_router "router"
Info: router_001: "mm_interconnect_2" instantiated altera_merlin_router "router_001"
Info: data_format_adapter_0: "avalon_st_adapter" instantiated data_format_adapter "data_format_adapter_0"
Info: channel_adapter_0: "avalon_st_adapter" instantiated channel_adapter "channel_adapter_0"
Info: channel_adapter_0: "avalon_st_adapter_001" instantiated channel_adapter "channel_adapter_0"
Info: border: "hps_io" instantiated altera_interface_generator "border"
Info: error_adapter_0: "avalon_st_adapter" instantiated error_adapter "error_adapter_0"
Info: error_adapter_0: "avalon_st_adapter_003" instantiated error_adapter "error_adapter_0"
Info: error_adapter_0: "avalon_st_adapter" instantiated error_adapter "error_adapter_0"
Info: soc_system: Done "soc_system" with 52 modules, 132 files
Info: qsys-generate succeeded.
Info: Finished: Create HDL design files for synthesis
