Info: Starting: Create block symbol file (.bsf)
Info: qsys-generate D:\Fax\master\neurax\neurax\hardware\quartus\qsys\soc_system.qsys --block-symbol-file --output-directory=D:\Fax\master\neurax\neurax\hardware\quartus\qsys\soc_system --family="Cyclone V" --part=5CSEMA5F31C6
Progress: Loading qsys/soc_system.qsys
Progress: Reading input file
Progress: Adding clk_0 [clock_source 24.1]
Progress: Parameterizing module clk_0
Progress: Adding dma_0 [altera_avalon_dma 24.1]
Progress: Parameterizing module dma_0
Progress: Adding hps_0 [altera_hps 24.1]
Progress: Parameterizing module hps_0
Progress: Adding onchip_memory2_0 [altera_avalon_onchip_memory2 24.1]
Progress: Parameterizing module onchip_memory2_0
Progress: Adding pll_0 [altera_pll 24.1]
Progress: Parameterizing module pll_0
Progress: Adding sysid [altera_avalon_sysid_qsys 24.1]
Progress: Parameterizing module sysid
Progress: Building connections
Progress: Parameterizing connections
Progress: Validating
Progress: Done reading input file
Info: soc_system.dma_0: DMA Controller will only be supported in Quartus Prime Standard Edition in the future release.
Info: soc_system.hps_0: HPS Main PLL counter settings: n = 0  m = 73
Info: soc_system.hps_0: HPS peripherial PLL counter settings: n = 0  m = 39
Warning: soc_system.hps_0: "Configuration/HPS-to-FPGA user 0 clock frequency" (desired_cfg_clk_mhz) requested 100.0 MHz, but only achieved 97.368421 MHz
Warning: soc_system.hps_0: 1 or more output clock frequencies cannot be achieved precisely, consider revising desired output clock frequencies.
Warning: soc_system.hps_0: HPS model no longer supports simulation for HPS FPGA Bridges.
Info: soc_system.pll_0: The legal reference clock frequency is 5.0 MHz..800.0 MHz
Info: soc_system.pll_0: Able to implement PLL with user settings
Info: soc_system.sysid: System ID is not assigned automatically. Edit the System ID parameter to provide a unique ID
Info: soc_system.sysid: Time stamp will be automatically updated when this component is generated.
Warning: soc_system.dma_0: Interrupt sender dma_0.irq is not connected to an interrupt receiver
Warning: soc_system.dma_0: dma_0.control_port_slave must be connected to an Avalon-MM master
Warning: soc_system.onchip_memory2_0: onchip_memory2_0.s1 must be connected to an Avalon-MM master
Warning: soc_system.sysid: sysid.control_slave must be connected to an Avalon-MM master
Info: qsys-generate succeeded.
Info: Finished: Create block symbol file (.bsf)
Info: 
Info: Starting: Create HDL design files for synthesis
Info: qsys-generate D:\Fax\master\neurax\neurax\hardware\quartus\qsys\soc_system.qsys --synthesis=VHDL --output-directory=D:\Fax\master\neurax\neurax\hardware\quartus\qsys\soc_system\synthesis --family="Cyclone V" --part=5CSEMA5F31C6
Progress: Loading qsys/soc_system.qsys
Progress: Reading input file
Progress: Adding clk_0 [clock_source 24.1]
Progress: Parameterizing module clk_0
Progress: Adding dma_0 [altera_avalon_dma 24.1]
Progress: Parameterizing module dma_0
Progress: Adding hps_0 [altera_hps 24.1]
Progress: Parameterizing module hps_0
Progress: Adding onchip_memory2_0 [altera_avalon_onchip_memory2 24.1]
Progress: Parameterizing module onchip_memory2_0
Progress: Adding pll_0 [altera_pll 24.1]
Progress: Parameterizing module pll_0
Progress: Adding sysid [altera_avalon_sysid_qsys 24.1]
Progress: Parameterizing module sysid
Progress: Building connections
Progress: Parameterizing connections
Progress: Validating
Progress: Done reading input file
Info: soc_system.dma_0: DMA Controller will only be supported in Quartus Prime Standard Edition in the future release.
Info: soc_system.hps_0: HPS Main PLL counter settings: n = 0  m = 73
Info: soc_system.hps_0: HPS peripherial PLL counter settings: n = 0  m = 39
Warning: soc_system.hps_0: "Configuration/HPS-to-FPGA user 0 clock frequency" (desired_cfg_clk_mhz) requested 100.0 MHz, but only achieved 97.368421 MHz
Warning: soc_system.hps_0: 1 or more output clock frequencies cannot be achieved precisely, consider revising desired output clock frequencies.
Warning: soc_system.hps_0: HPS model no longer supports simulation for HPS FPGA Bridges.
Info: soc_system.pll_0: The legal reference clock frequency is 5.0 MHz..800.0 MHz
Info: soc_system.pll_0: Able to implement PLL with user settings
Info: soc_system.sysid: System ID is not assigned automatically. Edit the System ID parameter to provide a unique ID
Info: soc_system.sysid: Time stamp will be automatically updated when this component is generated.
Warning: soc_system.dma_0: Interrupt sender dma_0.irq is not connected to an interrupt receiver
Warning: soc_system.dma_0: dma_0.control_port_slave must be connected to an Avalon-MM master
Warning: soc_system.onchip_memory2_0: onchip_memory2_0.s1 must be connected to an Avalon-MM master
Warning: soc_system.sysid: sysid.control_slave must be connected to an Avalon-MM master
Info: soc_system: Generating "soc_system" for QUARTUS_SYNTH
Info: dma_0: softresetEnable = 1
Info: dma_0: Starting RTL generation for module 'soc_system_dma_0'
Info: dma_0:   Generation command is [exec cmd /c {set LC_ALL=C&& C:/intelFPGA_lite/24.1std/quartus/bin64//perl/bin/perl.exe -I C:/intelFPGA_lite/24.1std/quartus/bin64//perl/lib -I C:/intelfpga_lite/24.1std/quartus/sopc_builder/bin/europa -I C:/intelfpga_lite/24.1std/quartus/sopc_builder/bin -I C:/intelfpga_lite/24.1std/quartus/../ip/altera/sopc_builder_ip/common -I C:/intelfpga_lite/24.1std/quartus/../ip/altera/sopc_builder_ip/altera_avalon_dma -- C:/intelfpga_lite/24.1std/quartus/../ip/altera/sopc_builder_ip/altera_avalon_dma/generate_rtl.pl --name=soc_system_dma_0 --dir=C:/Users/W10/AppData/Local/Temp/alt0344_6723511176801528451.dir/0002_dma_0_gen/ --quartus_dir=C:/intelfpga_lite/24.1std/quartus --verilog --config=C:/Users/W10/AppData/Local/Temp/alt0344_6723511176801528451.dir/0002_dma_0_gen//soc_system_dma_0_component_configuration.pl --do_build_sim=0}]
Info: dma_0: # 2025.09.13 16:28:33 (*)   soc_system_dma_0: allowing these transactions: word, hw, byte_access
Info: dma_0: Done RTL generation for module 'soc_system_dma_0'
Info: dma_0: "soc_system" instantiated altera_avalon_dma "dma_0"
Info: hps_0: "Running  for module: hps_0"
Info: hps_0: HPS Main PLL counter settings: n = 0  m = 73
Info: hps_0: HPS peripherial PLL counter settings: n = 0  m = 39
Warning: hps_0: "Configuration/HPS-to-FPGA user 0 clock frequency" (desired_cfg_clk_mhz) requested 100.0 MHz, but only achieved 97.368421 MHz
Warning: hps_0: 1 or more output clock frequencies cannot be achieved precisely, consider revising desired output clock frequencies.
Warning: hps_0: HPS model no longer supports simulation for HPS FPGA Bridges.
Info: hps_0: "soc_system" instantiated altera_hps "hps_0"
Info: onchip_memory2_0: Starting RTL generation for module 'soc_system_onchip_memory2_0'
Info: onchip_memory2_0:   Generation command is [exec cmd /c {set LC_ALL=C&& C:/intelfpga_lite/24.1std/quartus/bin64/perl/bin/perl.exe -I C:/intelfpga_lite/24.1std/quartus/bin64/perl/lib -I C:/intelfpga_lite/24.1std/quartus/sopc_builder/bin/europa -I C:/intelfpga_lite/24.1std/quartus/sopc_builder/bin -I C:/intelfpga_lite/24.1std/quartus/../ip/altera/sopc_builder_ip/common -I C:/intelfpga_lite/24.1std/quartus/../ip/altera/sopc_builder_ip/altera_avalon_onchip_memory2 -- C:/intelfpga_lite/24.1std/quartus/../ip/altera/sopc_builder_ip/altera_avalon_onchip_memory2/generate_rtl.pl --name=soc_system_onchip_memory2_0 --dir=C:/Users/W10/AppData/Local/Temp/alt0344_6723511176801528451.dir/0003_onchip_memory2_0_gen/ --quartus_dir=C:/intelfpga_lite/24.1std/quartus --verilog --config=C:/Users/W10/AppData/Local/Temp/alt0344_6723511176801528451.dir/0003_onchip_memory2_0_gen//soc_system_onchip_memory2_0_component_configuration.pl --do_build_sim=0}]
Info: onchip_memory2_0: Done RTL generation for module 'soc_system_onchip_memory2_0'
Info: onchip_memory2_0: "soc_system" instantiated altera_avalon_onchip_memory2 "onchip_memory2_0"
Info: pll_0: "soc_system" instantiated altera_pll "pll_0"
Info: sysid: "soc_system" instantiated altera_avalon_sysid_qsys "sysid"
Info: mm_interconnect_0: "soc_system" instantiated altera_mm_interconnect "mm_interconnect_0"
Info: rst_controller: "soc_system" instantiated altera_reset_controller "rst_controller"
Info: fpga_interfaces: "hps_0" instantiated altera_interface_generator "fpga_interfaces"
Info: hps_io: "hps_0" instantiated altera_hps_io "hps_io"
Info: dma_0_read_master_translator: "mm_interconnect_0" instantiated altera_merlin_master_translator "dma_0_read_master_translator"
Info: dma_0_read_master_agent: "mm_interconnect_0" instantiated altera_merlin_master_agent "dma_0_read_master_agent"
Info: hps_0_f2h_axi_slave_agent: "mm_interconnect_0" instantiated altera_merlin_axi_slave_ni "hps_0_f2h_axi_slave_agent"
Info: router: "mm_interconnect_0" instantiated altera_merlin_router "router"
Info: router_002: "mm_interconnect_0" instantiated altera_merlin_router "router_002"
Info: dma_0_read_master_limiter: "mm_interconnect_0" instantiated altera_merlin_traffic_limiter "dma_0_read_master_limiter"
Info: Reusing file D:/Fax/master/neurax/neurax/hardware/quartus/qsys/soc_system/synthesis/submodules/altera_avalon_sc_fifo.v
Info: cmd_demux: "mm_interconnect_0" instantiated altera_merlin_demultiplexer "cmd_demux"
Info: cmd_demux_001: "mm_interconnect_0" instantiated altera_merlin_demultiplexer "cmd_demux_001"
Info: cmd_mux: "mm_interconnect_0" instantiated altera_merlin_multiplexer "cmd_mux"
Info: rsp_mux: "mm_interconnect_0" instantiated altera_merlin_multiplexer "rsp_mux"
Info: Reusing file D:/Fax/master/neurax/neurax/hardware/quartus/qsys/soc_system/synthesis/submodules/altera_merlin_arbitrator.sv
Info: border: "hps_io" instantiated altera_interface_generator "border"
Info: soc_system: Done "soc_system" with 21 modules, 76 files
Info: qsys-generate succeeded.
Info: Finished: Create HDL design files for synthesis
