Analysis & Synthesis report for de1-soc-top
Mon Sep 22 21:59:36 2025
Quartus Prime Version 24.1std.0 Build 1077 03/04/2025 SC Lite Edition


---------------------
; Table of Contents ;
---------------------
  1. Legal Notice
  2. Analysis & Synthesis Summary
  3. Analysis & Synthesis Settings
  4. Parallel Compilation
  5. Analysis & Synthesis IP Cores Summary
  6. Analysis & Synthesis Messages
  7. Analysis & Synthesis Suppressed Messages



----------------
; Legal Notice ;
----------------
Copyright (C) 2025  Altera Corporation. All rights reserved.
Your use of Altera Corporation's design tools, logic functions 
and other software and tools, and any partner logic 
functions, and any output files from any of the foregoing 
(including device programming or simulation files), and any 
associated documentation or information are expressly subject 
to the terms and conditions of the Altera Program License 
Subscription Agreement, the Altera Quartus Prime License Agreement,
the Altera IP License Agreement, or other applicable license
agreement, including, without limitation, that your use is for
the sole purpose of programming logic devices manufactured by
Altera and sold by Altera or its authorized distributors.  Please
refer to the Altera Software License Subscription Agreements 
on the Quartus Prime software download page.



+-------------------------------------------------------------------------------+
; Analysis & Synthesis Summary                                                  ;
+-----------------------------+-------------------------------------------------+
; Analysis & Synthesis Status ; Failed - Mon Sep 22 21:59:36 2025               ;
; Quartus Prime Version       ; 24.1std.0 Build 1077 03/04/2025 SC Lite Edition ;
; Revision Name               ; de1-soc-top                                     ;
; Top-level Entity Name       ; de1_soc_top                                     ;
; Family                      ; Cyclone V                                       ;
; Logic utilization (in ALMs) ; N/A until Partition Merge                       ;
; Total registers             ; N/A until Partition Merge                       ;
; Total pins                  ; N/A until Partition Merge                       ;
; Total virtual pins          ; N/A until Partition Merge                       ;
; Total block memory bits     ; N/A until Partition Merge                       ;
; Total PLLs                  ; N/A until Partition Merge                       ;
; Total DLLs                  ; N/A until Partition Merge                       ;
+-----------------------------+-------------------------------------------------+


+---------------------------------------------------------------------------------------------------------------------------+
; Analysis & Synthesis Settings                                                                                             ;
+---------------------------------------------------------------------------------+--------------------+--------------------+
; Option                                                                          ; Setting            ; Default Value      ;
+---------------------------------------------------------------------------------+--------------------+--------------------+
; Device                                                                          ; 5CSEMA5F31C6       ;                    ;
; Top-level entity name                                                           ; de1_soc_top        ; de1-soc-top        ;
; Family name                                                                     ; Cyclone V          ; Cyclone V          ;
; Use smart compilation                                                           ; Off                ; Off                ;
; Enable parallel Assembler and Timing Analyzer during compilation                ; On                 ; On                 ;
; Enable compact report table                                                     ; Off                ; Off                ;
; Restructure Multiplexers                                                        ; Auto               ; Auto               ;
; MLAB Add Timing Constraints For Mixed-Port Feed-Through Mode Setting Don't Care ; Off                ; Off                ;
; Create Debugging Nodes for IP Cores                                             ; Off                ; Off                ;
; Preserve fewer node names                                                       ; On                 ; On                 ;
; Intel FPGA IP Evaluation Mode                                                   ; Enable             ; Enable             ;
; Verilog Version                                                                 ; Verilog_2001       ; Verilog_2001       ;
; VHDL Version                                                                    ; VHDL_1993          ; VHDL_1993          ;
; State Machine Processing                                                        ; Auto               ; Auto               ;
; Safe State Machine                                                              ; Off                ; Off                ;
; Extract Verilog State Machines                                                  ; On                 ; On                 ;
; Extract VHDL State Machines                                                     ; On                 ; On                 ;
; Ignore Verilog initial constructs                                               ; Off                ; Off                ;
; Iteration limit for constant Verilog loops                                      ; 5000               ; 5000               ;
; Iteration limit for non-constant Verilog loops                                  ; 250                ; 250                ;
; Add Pass-Through Logic to Inferred RAMs                                         ; On                 ; On                 ;
; Infer RAMs from Raw Logic                                                       ; On                 ; On                 ;
; Parallel Synthesis                                                              ; On                 ; On                 ;
; DSP Block Balancing                                                             ; Auto               ; Auto               ;
; NOT Gate Push-Back                                                              ; On                 ; On                 ;
; Power-Up Don't Care                                                             ; On                 ; On                 ;
; Remove Redundant Logic Cells                                                    ; Off                ; Off                ;
; Remove Duplicate Registers                                                      ; On                 ; On                 ;
; Ignore CARRY Buffers                                                            ; Off                ; Off                ;
; Ignore CASCADE Buffers                                                          ; Off                ; Off                ;
; Ignore GLOBAL Buffers                                                           ; Off                ; Off                ;
; Ignore ROW GLOBAL Buffers                                                       ; Off                ; Off                ;
; Ignore LCELL Buffers                                                            ; Off                ; Off                ;
; Ignore SOFT Buffers                                                             ; On                 ; On                 ;
; Limit AHDL Integers to 32 Bits                                                  ; Off                ; Off                ;
; Optimization Technique                                                          ; Balanced           ; Balanced           ;
; Carry Chain Length                                                              ; 70                 ; 70                 ;
; Auto Carry Chains                                                               ; On                 ; On                 ;
; Auto Open-Drain Pins                                                            ; On                 ; On                 ;
; Perform WYSIWYG Primitive Resynthesis                                           ; Off                ; Off                ;
; Auto ROM Replacement                                                            ; On                 ; On                 ;
; Auto RAM Replacement                                                            ; On                 ; On                 ;
; Auto DSP Block Replacement                                                      ; On                 ; On                 ;
; Auto Shift Register Replacement                                                 ; Auto               ; Auto               ;
; Allow Shift Register Merging across Hierarchies                                 ; Auto               ; Auto               ;
; Auto Clock Enable Replacement                                                   ; On                 ; On                 ;
; Strict RAM Replacement                                                          ; Off                ; Off                ;
; Allow Synchronous Control Signals                                               ; On                 ; On                 ;
; Force Use of Synchronous Clear Signals                                          ; Off                ; Off                ;
; Auto Resource Sharing                                                           ; Off                ; Off                ;
; Allow Any RAM Size For Recognition                                              ; Off                ; Off                ;
; Allow Any ROM Size For Recognition                                              ; Off                ; Off                ;
; Allow Any Shift Register Size For Recognition                                   ; Off                ; Off                ;
; Use LogicLock Constraints during Resource Balancing                             ; On                 ; On                 ;
; Ignore translate_off and synthesis_off directives                               ; Off                ; Off                ;
; Timing-Driven Synthesis                                                         ; On                 ; On                 ;
; Report Parameter Settings                                                       ; On                 ; On                 ;
; Report Source Assignments                                                       ; On                 ; On                 ;
; Report Connectivity Checks                                                      ; On                 ; On                 ;
; Ignore Maximum Fan-Out Assignments                                              ; Off                ; Off                ;
; Synchronization Register Chain Length                                           ; 3                  ; 3                  ;
; Power Optimization During Synthesis                                             ; Normal compilation ; Normal compilation ;
; HDL message level                                                               ; Level2             ; Level2             ;
; Suppress Register Optimization Related Messages                                 ; Off                ; Off                ;
; Number of Removed Registers Reported in Synthesis Report                        ; 5000               ; 5000               ;
; Number of Swept Nodes Reported in Synthesis Report                              ; 5000               ; 5000               ;
; Number of Inverted Registers Reported in Synthesis Report                       ; 100                ; 100                ;
; Clock MUX Protection                                                            ; On                 ; On                 ;
; Auto Gated Clock Conversion                                                     ; Off                ; Off                ;
; Block Design Naming                                                             ; Auto               ; Auto               ;
; SDC constraint protection                                                       ; Off                ; Off                ;
; Synthesis Effort                                                                ; Auto               ; Auto               ;
; Shift Register Replacement - Allow Asynchronous Clear Signal                    ; On                 ; On                 ;
; Pre-Mapping Resynthesis Optimization                                            ; Off                ; Off                ;
; Analysis & Synthesis Message Level                                              ; Medium             ; Medium             ;
; Disable Register Merging Across Hierarchies                                     ; Auto               ; Auto               ;
; Resource Aware Inference For Block RAM                                          ; On                 ; On                 ;
; Automatic Parallel Synthesis                                                    ; On                 ; On                 ;
; Partial Reconfiguration Bitstream ID                                            ; Off                ; Off                ;
+---------------------------------------------------------------------------------+--------------------+--------------------+


+------------------------------------------+
; Parallel Compilation                     ;
+----------------------------+-------------+
; Processors                 ; Number      ;
+----------------------------+-------------+
; Number detected on machine ; 12          ;
; Maximum allowed            ; 12          ;
;                            ;             ;
; Average used               ; 1.00        ;
; Maximum used               ; 1           ;
;                            ;             ;
; Usage by Processor         ; % Time Used ;
;     Processor 1            ; 100.0%      ;
+----------------------------+-------------+


+-----------------------------------------------------------------------------------------------------------------------------------------------------------------------------------------------------------+
; Analysis & Synthesis IP Cores Summary                                                                                                                                                                     ;
+--------+--------------------------+---------+--------------+--------------+--------------------------------------------------------------------------------------------------------+----------------------+
; Vendor ; IP Core Name             ; Version ; Release Date ; License Type ; Entity Instance                                                                                        ; IP Include File      ;
+--------+--------------------------+---------+--------------+--------------+--------------------------------------------------------------------------------------------------------+----------------------+
; N/A    ; Qsys                     ; 24.1    ; N/A          ; N/A          ; |de1_soc_top|soc_system:u0                                                                             ; qsys/soc_system.qsys ;
; Altera ; altera_msgdma            ; 24.1    ; N/A          ; N/A          ; |de1_soc_top|soc_system:u0|soc_system_DMA_neurax_read:dma_neurax_read                                  ; qsys/soc_system.qsys ;
; Altera ; modular_sgdma_dispatcher ; 24.1    ; N/A          ; N/A          ; |de1_soc_top|soc_system:u0|soc_system_DMA_neurax_read:dma_neurax_read|dispatcher:dispatcher_internal   ; qsys/soc_system.qsys ;
; Altera ; dma_write_master         ; 24.1    ; N/A          ; N/A          ; |de1_soc_top|soc_system:u0|soc_system_DMA_neurax_read:dma_neurax_read|write_master:write_mstr_internal ; qsys/soc_system.qsys ;
; Altera ; altera_msgdma            ; 24.1    ; N/A          ; N/A          ; |de1_soc_top|soc_system:u0|soc_system_DMA_neurax_write:dma_neurax_write                                ; qsys/soc_system.qsys ;
; Altera ; modular_sgdma_dispatcher ; 24.1    ; N/A          ; N/A          ; |de1_soc_top|soc_system:u0|soc_system_DMA_neurax_write:dma_neurax_write|dispatcher:dispatcher_internal ; qsys/soc_system.qsys ;
; Altera ; dma_read_master          ; 24.1    ; N/A          ; N/A          ; |de1_soc_top|soc_system:u0|soc_system_DMA_neurax_write:dma_neurax_write|read_master:read_mstr_internal ; qsys/soc_system.qsys ;
; Altera ; altera_hps               ; 24.1    ; N/A          ; N/A          ; |de1_soc_top|soc_system:u0|soc_system_hps_0:hps_0                                                      ; qsys/soc_system.qsys ;
; Altera ; altera_hps_io            ; 24.1    ; N/A          ; N/A          ; |de1_soc_top|soc_system:u0|soc_system_hps_0:hps_0|soc_system_hps_0_hps_io:hps_io                       ; qsys/soc_system.qsys ;
+--------+--------------------------+---------+--------------+--------------+--------------------------------------------------------------------------------------------------------+----------------------+


+-------------------------------+
; Analysis & Synthesis Messages ;
+-------------------------------+
Info: *******************************************************************
Info: Running Quartus Prime Analysis & Synthesis
    Info: Version 24.1std.0 Build 1077 03/04/2025 SC Lite Edition
    Info: Processing started: Mon Sep 22 21:59:19 2025
Info: Command: quartus_map --read_settings_files=on --write_settings_files=off de1-soc-neurax -c de1-soc-top
Warning (18236): Number of processors has not been specified which may cause overloading on shared machines.  Set the global assignment NUM_PARALLEL_PROCESSORS in your QSF to an appropriate value for best performance.
Info (20030): Parallel compilation is enabled and will use 12 of the 12 processors detected
Info (12021): Found 2 design units, including 1 entities, in source file /fax/master/neurax/neurax/hardware/hdl/de1_soc_top.vhd
    Info (12022): Found design unit 1: de1_soc_top-rtl File: D:/Fax/master/neurax/neurax/hardware/hdl/de1_soc_top.vhd Line: 166
    Info (12023): Found entity 1: de1_soc_top File: D:/Fax/master/neurax/neurax/hardware/hdl/de1_soc_top.vhd Line: 21
Info (12021): Found 2 design units, including 1 entities, in source file qsys/soc_system/synthesis/soc_system.vhd
    Info (12022): Found design unit 1: soc_system-rtl File: D:/Fax/master/neurax/neurax/hardware/quartus/qsys/soc_system/synthesis/soc_system.vhd Line: 55
    Info (12023): Found entity 1: soc_system File: D:/Fax/master/neurax/neurax/hardware/quartus/qsys/soc_system/synthesis/soc_system.vhd Line: 9
Info (12021): Found 2 design units, including 1 entities, in source file qsys/soc_system/synthesis/soc_system_rst_controller.vhd
    Info (12022): Found design unit 1: soc_system_rst_controller-rtl File: D:/Fax/master/neurax/neurax/hardware/quartus/qsys/soc_system/synthesis/soc_system_rst_controller.vhd Line: 75
    Info (12023): Found entity 1: soc_system_rst_controller File: D:/Fax/master/neurax/neurax/hardware/quartus/qsys/soc_system/synthesis/soc_system_rst_controller.vhd Line: 9
Info (12021): Found 2 design units, including 1 entities, in source file qsys/soc_system/synthesis/soc_system_rst_controller_001.vhd
    Info (12022): Found design unit 1: soc_system_rst_controller_001-rtl File: D:/Fax/master/neurax/neurax/hardware/quartus/qsys/soc_system/synthesis/soc_system_rst_controller_001.vhd Line: 75
    Info (12023): Found entity 1: soc_system_rst_controller_001 File: D:/Fax/master/neurax/neurax/hardware/quartus/qsys/soc_system/synthesis/soc_system_rst_controller_001.vhd Line: 9
Info (12021): Found 1 design units, including 1 entities, in source file qsys/soc_system/synthesis/submodules/altera_reset_controller.v
    Info (12023): Found entity 1: altera_reset_controller File: D:/Fax/master/neurax/neurax/hardware/quartus/qsys/soc_system/synthesis/submodules/altera_reset_controller.v Line: 42
Info (12021): Found 1 design units, including 1 entities, in source file qsys/soc_system/synthesis/submodules/altera_reset_synchronizer.v
    Info (12023): Found entity 1: altera_reset_synchronizer File: D:/Fax/master/neurax/neurax/hardware/quartus/qsys/soc_system/synthesis/submodules/altera_reset_synchronizer.v Line: 24
Info (12021): Found 1 design units, including 1 entities, in source file qsys/soc_system/synthesis/submodules/soc_system_avalon_st_adapter_001.v
    Info (12023): Found entity 1: soc_system_avalon_st_adapter_001 File: D:/Fax/master/neurax/neurax/hardware/quartus/qsys/soc_system/synthesis/submodules/soc_system_avalon_st_adapter_001.v Line: 9
Info (12021): Found 1 design units, including 1 entities, in source file qsys/soc_system/synthesis/submodules/soc_system_avalon_st_adapter_001_channel_adapter_0.sv
    Info (12023): Found entity 1: soc_system_avalon_st_adapter_001_channel_adapter_0 File: D:/Fax/master/neurax/neurax/hardware/quartus/qsys/soc_system/synthesis/submodules/soc_system_avalon_st_adapter_001_channel_adapter_0.sv Line: 55
Info (12021): Found 1 design units, including 1 entities, in source file qsys/soc_system/synthesis/submodules/soc_system_avalon_st_adapter.v
    Info (12023): Found entity 1: soc_system_avalon_st_adapter File: D:/Fax/master/neurax/neurax/hardware/quartus/qsys/soc_system/synthesis/submodules/soc_system_avalon_st_adapter.v Line: 9
Info (12021): Found 1 design units, including 1 entities, in source file qsys/soc_system/synthesis/submodules/soc_system_avalon_st_adapter_channel_adapter_0.sv
    Info (12023): Found entity 1: soc_system_avalon_st_adapter_channel_adapter_0 File: D:/Fax/master/neurax/neurax/hardware/quartus/qsys/soc_system/synthesis/submodules/soc_system_avalon_st_adapter_channel_adapter_0.sv Line: 55
Info (12021): Found 1 design units, including 1 entities, in source file qsys/soc_system/synthesis/submodules/soc_system_irq_mapper.sv
    Info (12023): Found entity 1: soc_system_irq_mapper File: D:/Fax/master/neurax/neurax/hardware/quartus/qsys/soc_system/synthesis/submodules/soc_system_irq_mapper.sv Line: 31
Info (12021): Found 1 design units, including 1 entities, in source file qsys/soc_system/synthesis/submodules/soc_system_mm_interconnect_1.v
    Info (12023): Found entity 1: soc_system_mm_interconnect_1 File: D:/Fax/master/neurax/neurax/hardware/quartus/qsys/soc_system/synthesis/submodules/soc_system_mm_interconnect_1.v Line: 9
Info (12021): Found 1 design units, including 1 entities, in source file qsys/soc_system/synthesis/submodules/soc_system_mm_interconnect_1_rsp_mux.sv
    Info (12023): Found entity 1: soc_system_mm_interconnect_1_rsp_mux File: D:/Fax/master/neurax/neurax/hardware/quartus/qsys/soc_system/synthesis/submodules/soc_system_mm_interconnect_1_rsp_mux.sv Line: 51
Info (12021): Found 2 design units, including 2 entities, in source file qsys/soc_system/synthesis/submodules/altera_merlin_arbitrator.sv
    Info (12023): Found entity 1: altera_merlin_arbitrator File: D:/Fax/master/neurax/neurax/hardware/quartus/qsys/soc_system/synthesis/submodules/altera_merlin_arbitrator.sv Line: 103
    Info (12023): Found entity 2: altera_merlin_arb_adder File: D:/Fax/master/neurax/neurax/hardware/quartus/qsys/soc_system/synthesis/submodules/altera_merlin_arbitrator.sv Line: 228
Info (12021): Found 1 design units, including 1 entities, in source file qsys/soc_system/synthesis/submodules/soc_system_mm_interconnect_1_cmd_mux.sv
    Info (12023): Found entity 1: soc_system_mm_interconnect_1_cmd_mux File: D:/Fax/master/neurax/neurax/hardware/quartus/qsys/soc_system/synthesis/submodules/soc_system_mm_interconnect_1_cmd_mux.sv Line: 51
Info (12021): Found 1 design units, including 1 entities, in source file qsys/soc_system/synthesis/submodules/soc_system_mm_interconnect_1_cmd_demux_001.sv
    Info (12023): Found entity 1: soc_system_mm_interconnect_1_cmd_demux_001 File: D:/Fax/master/neurax/neurax/hardware/quartus/qsys/soc_system/synthesis/submodules/soc_system_mm_interconnect_1_cmd_demux_001.sv Line: 43
Info (12021): Found 1 design units, including 1 entities, in source file qsys/soc_system/synthesis/submodules/soc_system_mm_interconnect_1_cmd_demux.sv
    Info (12023): Found entity 1: soc_system_mm_interconnect_1_cmd_demux File: D:/Fax/master/neurax/neurax/hardware/quartus/qsys/soc_system/synthesis/submodules/soc_system_mm_interconnect_1_cmd_demux.sv Line: 43
Info (12021): Found 1 design units, including 1 entities, in source file qsys/soc_system/synthesis/submodules/altera_merlin_traffic_limiter.sv
    Info (12023): Found entity 1: altera_merlin_traffic_limiter File: D:/Fax/master/neurax/neurax/hardware/quartus/qsys/soc_system/synthesis/submodules/altera_merlin_traffic_limiter.sv Line: 49
Info (12021): Found 2 design units, including 2 entities, in source file qsys/soc_system/synthesis/submodules/altera_merlin_reorder_memory.sv
    Info (12023): Found entity 1: altera_merlin_reorder_memory File: D:/Fax/master/neurax/neurax/hardware/quartus/qsys/soc_system/synthesis/submodules/altera_merlin_reorder_memory.sv Line: 28
    Info (12023): Found entity 2: memory_pointer_controller File: D:/Fax/master/neurax/neurax/hardware/quartus/qsys/soc_system/synthesis/submodules/altera_merlin_reorder_memory.sv Line: 185
Info (12021): Found 1 design units, including 1 entities, in source file qsys/soc_system/synthesis/submodules/altera_avalon_sc_fifo.v
    Info (12023): Found entity 1: altera_avalon_sc_fifo File: D:/Fax/master/neurax/neurax/hardware/quartus/qsys/soc_system/synthesis/submodules/altera_avalon_sc_fifo.v Line: 21
Info (12021): Found 1 design units, including 1 entities, in source file qsys/soc_system/synthesis/submodules/altera_avalon_st_pipeline_base.v
    Info (12023): Found entity 1: altera_avalon_st_pipeline_base File: D:/Fax/master/neurax/neurax/hardware/quartus/qsys/soc_system/synthesis/submodules/altera_avalon_st_pipeline_base.v Line: 22
Info (12021): Found 2 design units, including 2 entities, in source file qsys/soc_system/synthesis/submodules/soc_system_mm_interconnect_1_router_002.sv
    Info (12023): Found entity 1: soc_system_mm_interconnect_1_router_002_default_decode File: D:/Fax/master/neurax/neurax/hardware/quartus/qsys/soc_system/synthesis/submodules/soc_system_mm_interconnect_1_router_002.sv Line: 45
    Info (12023): Found entity 2: soc_system_mm_interconnect_1_router_002 File: D:/Fax/master/neurax/neurax/hardware/quartus/qsys/soc_system/synthesis/submodules/soc_system_mm_interconnect_1_router_002.sv Line: 84
Info (12021): Found 2 design units, including 2 entities, in source file qsys/soc_system/synthesis/submodules/soc_system_mm_interconnect_1_router.sv
    Info (12023): Found entity 1: soc_system_mm_interconnect_1_router_default_decode File: D:/Fax/master/neurax/neurax/hardware/quartus/qsys/soc_system/synthesis/submodules/soc_system_mm_interconnect_1_router.sv Line: 45
    Info (12023): Found entity 2: soc_system_mm_interconnect_1_router File: D:/Fax/master/neurax/neurax/hardware/quartus/qsys/soc_system/synthesis/submodules/soc_system_mm_interconnect_1_router.sv Line: 84
Info (12021): Found 1 design units, including 1 entities, in source file qsys/soc_system/synthesis/submodules/altera_merlin_axi_slave_ni.sv
    Info (12023): Found entity 1: altera_merlin_axi_slave_ni File: D:/Fax/master/neurax/neurax/hardware/quartus/qsys/soc_system/synthesis/submodules/altera_merlin_axi_slave_ni.sv Line: 22
Info (12021): Found 1 design units, including 1 entities, in source file qsys/soc_system/synthesis/submodules/altera_merlin_burst_uncompressor.sv
    Info (12023): Found entity 1: altera_merlin_burst_uncompressor File: D:/Fax/master/neurax/neurax/hardware/quartus/qsys/soc_system/synthesis/submodules/altera_merlin_burst_uncompressor.sv Line: 40
Info (12021): Found 1 design units, including 1 entities, in source file qsys/soc_system/synthesis/submodules/altera_merlin_address_alignment.sv
    Info (12023): Found entity 1: altera_merlin_address_alignment File: D:/Fax/master/neurax/neurax/hardware/quartus/qsys/soc_system/synthesis/submodules/altera_merlin_address_alignment.sv Line: 26
Info (12021): Found 1 design units, including 1 entities, in source file qsys/soc_system/synthesis/submodules/altera_merlin_master_agent.sv
    Info (12023): Found entity 1: altera_merlin_master_agent File: D:/Fax/master/neurax/neurax/hardware/quartus/qsys/soc_system/synthesis/submodules/altera_merlin_master_agent.sv Line: 28
Info (12021): Found 1 design units, including 1 entities, in source file qsys/soc_system/synthesis/submodules/altera_merlin_master_translator.sv
    Info (12023): Found entity 1: altera_merlin_master_translator File: D:/Fax/master/neurax/neurax/hardware/quartus/qsys/soc_system/synthesis/submodules/altera_merlin_master_translator.sv Line: 32
Info (12021): Found 1 design units, including 1 entities, in source file qsys/soc_system/synthesis/submodules/soc_system_mm_interconnect_0.v
    Info (12023): Found entity 1: soc_system_mm_interconnect_0 File: D:/Fax/master/neurax/neurax/hardware/quartus/qsys/soc_system/synthesis/submodules/soc_system_mm_interconnect_0.v Line: 9
Info (12021): Found 1 design units, including 1 entities, in source file qsys/soc_system/synthesis/submodules/soc_system_mm_interconnect_0_avalon_st_adapter_003.v
    Info (12023): Found entity 1: soc_system_mm_interconnect_0_avalon_st_adapter_003 File: D:/Fax/master/neurax/neurax/hardware/quartus/qsys/soc_system/synthesis/submodules/soc_system_mm_interconnect_0_avalon_st_adapter_003.v Line: 9
Info (12021): Found 1 design units, including 1 entities, in source file qsys/soc_system/synthesis/submodules/soc_system_mm_interconnect_0_avalon_st_adapter_003_error_adapter_0.sv
    Info (12023): Found entity 1: soc_system_mm_interconnect_0_avalon_st_adapter_003_error_adapter_0 File: D:/Fax/master/neurax/neurax/hardware/quartus/qsys/soc_system/synthesis/submodules/soc_system_mm_interconnect_0_avalon_st_adapter_003_error_adapter_0.sv Line: 66
Info (12021): Found 1 design units, including 1 entities, in source file qsys/soc_system/synthesis/submodules/soc_system_mm_interconnect_0_avalon_st_adapter.v
    Info (12023): Found entity 1: soc_system_mm_interconnect_0_avalon_st_adapter File: D:/Fax/master/neurax/neurax/hardware/quartus/qsys/soc_system/synthesis/submodules/soc_system_mm_interconnect_0_avalon_st_adapter.v Line: 9
Info (12021): Found 1 design units, including 1 entities, in source file qsys/soc_system/synthesis/submodules/soc_system_mm_interconnect_0_avalon_st_adapter_error_adapter_0.sv
    Info (12023): Found entity 1: soc_system_mm_interconnect_0_avalon_st_adapter_error_adapter_0 File: D:/Fax/master/neurax/neurax/hardware/quartus/qsys/soc_system/synthesis/submodules/soc_system_mm_interconnect_0_avalon_st_adapter_error_adapter_0.sv Line: 66
Info (12021): Found 1 design units, including 1 entities, in source file qsys/soc_system/synthesis/submodules/altera_merlin_width_adapter.sv
    Info (12023): Found entity 1: altera_merlin_width_adapter File: D:/Fax/master/neurax/neurax/hardware/quartus/qsys/soc_system/synthesis/submodules/altera_merlin_width_adapter.sv Line: 25
Info (12021): Found 1 design units, including 1 entities, in source file qsys/soc_system/synthesis/submodules/soc_system_mm_interconnect_0_rsp_mux.sv
    Info (12023): Found entity 1: soc_system_mm_interconnect_0_rsp_mux File: D:/Fax/master/neurax/neurax/hardware/quartus/qsys/soc_system/synthesis/submodules/soc_system_mm_interconnect_0_rsp_mux.sv Line: 51
Info (12021): Found 1 design units, including 1 entities, in source file qsys/soc_system/synthesis/submodules/soc_system_mm_interconnect_0_rsp_demux.sv
    Info (12023): Found entity 1: soc_system_mm_interconnect_0_rsp_demux File: D:/Fax/master/neurax/neurax/hardware/quartus/qsys/soc_system/synthesis/submodules/soc_system_mm_interconnect_0_rsp_demux.sv Line: 43
Info (12021): Found 1 design units, including 1 entities, in source file qsys/soc_system/synthesis/submodules/soc_system_mm_interconnect_0_cmd_mux.sv
    Info (12023): Found entity 1: soc_system_mm_interconnect_0_cmd_mux File: D:/Fax/master/neurax/neurax/hardware/quartus/qsys/soc_system/synthesis/submodules/soc_system_mm_interconnect_0_cmd_mux.sv Line: 51
Info (12021): Found 1 design units, including 1 entities, in source file qsys/soc_system/synthesis/submodules/soc_system_mm_interconnect_0_cmd_demux.sv
    Info (12023): Found entity 1: soc_system_mm_interconnect_0_cmd_demux File: D:/Fax/master/neurax/neurax/hardware/quartus/qsys/soc_system/synthesis/submodules/soc_system_mm_interconnect_0_cmd_demux.sv Line: 43
Info (12021): Found 1 design units, including 1 entities, in source file qsys/soc_system/synthesis/submodules/altera_merlin_burst_adapter.sv
    Info (12023): Found entity 1: altera_merlin_burst_adapter File: D:/Fax/master/neurax/neurax/hardware/quartus/qsys/soc_system/synthesis/submodules/altera_merlin_burst_adapter.sv Line: 21
Info (12021): Found 1 design units, including 1 entities, in source file qsys/soc_system/synthesis/submodules/altera_merlin_burst_adapter_uncmpr.sv
    Info (12023): Found entity 1: altera_merlin_burst_adapter_uncompressed_only File: D:/Fax/master/neurax/neurax/hardware/quartus/qsys/soc_system/synthesis/submodules/altera_merlin_burst_adapter_uncmpr.sv Line: 39
Info (12021): Found 5 design units, including 5 entities, in source file qsys/soc_system/synthesis/submodules/altera_merlin_burst_adapter_13_1.sv
    Info (12023): Found entity 1: altera_merlin_burst_adapter_burstwrap_increment File: D:/Fax/master/neurax/neurax/hardware/quartus/qsys/soc_system/synthesis/submodules/altera_merlin_burst_adapter_13_1.sv Line: 40
    Info (12023): Found entity 2: altera_merlin_burst_adapter_adder File: D:/Fax/master/neurax/neurax/hardware/quartus/qsys/soc_system/synthesis/submodules/altera_merlin_burst_adapter_13_1.sv Line: 55
    Info (12023): Found entity 3: altera_merlin_burst_adapter_subtractor File: D:/Fax/master/neurax/neurax/hardware/quartus/qsys/soc_system/synthesis/submodules/altera_merlin_burst_adapter_13_1.sv Line: 77
    Info (12023): Found entity 4: altera_merlin_burst_adapter_min File: D:/Fax/master/neurax/neurax/hardware/quartus/qsys/soc_system/synthesis/submodules/altera_merlin_burst_adapter_13_1.sv Line: 98
    Info (12023): Found entity 5: altera_merlin_burst_adapter_13_1 File: D:/Fax/master/neurax/neurax/hardware/quartus/qsys/soc_system/synthesis/submodules/altera_merlin_burst_adapter_13_1.sv Line: 264
Info (12021): Found 1 design units, including 1 entities, in source file qsys/soc_system/synthesis/submodules/altera_merlin_burst_adapter_new.sv
    Info (12023): Found entity 1: altera_merlin_burst_adapter_new File: D:/Fax/master/neurax/neurax/hardware/quartus/qsys/soc_system/synthesis/submodules/altera_merlin_burst_adapter_new.sv Line: 25
Info (12021): Found 1 design units, including 1 entities, in source file qsys/soc_system/synthesis/submodules/altera_incr_burst_converter.sv
    Info (12023): Found entity 1: altera_incr_burst_converter File: D:/Fax/master/neurax/neurax/hardware/quartus/qsys/soc_system/synthesis/submodules/altera_incr_burst_converter.sv Line: 28
Info (12021): Found 1 design units, including 1 entities, in source file qsys/soc_system/synthesis/submodules/altera_wrap_burst_converter.sv
    Info (12023): Found entity 1: altera_wrap_burst_converter File: D:/Fax/master/neurax/neurax/hardware/quartus/qsys/soc_system/synthesis/submodules/altera_wrap_burst_converter.sv Line: 27
Info (12021): Found 1 design units, including 1 entities, in source file qsys/soc_system/synthesis/submodules/altera_default_burst_converter.sv
    Info (12023): Found entity 1: altera_default_burst_converter File: D:/Fax/master/neurax/neurax/hardware/quartus/qsys/soc_system/synthesis/submodules/altera_default_burst_converter.sv Line: 30
Info (12021): Found 1 design units, including 1 entities, in source file qsys/soc_system/synthesis/submodules/altera_avalon_st_pipeline_stage.sv
    Info (12023): Found entity 1: altera_avalon_st_pipeline_stage File: D:/Fax/master/neurax/neurax/hardware/quartus/qsys/soc_system/synthesis/submodules/altera_avalon_st_pipeline_stage.sv Line: 22
Info (12021): Found 2 design units, including 2 entities, in source file qsys/soc_system/synthesis/submodules/soc_system_mm_interconnect_0_router_005.sv
    Info (12023): Found entity 1: soc_system_mm_interconnect_0_router_005_default_decode File: D:/Fax/master/neurax/neurax/hardware/quartus/qsys/soc_system/synthesis/submodules/soc_system_mm_interconnect_0_router_005.sv Line: 45
    Info (12023): Found entity 2: soc_system_mm_interconnect_0_router_005 File: D:/Fax/master/neurax/neurax/hardware/quartus/qsys/soc_system/synthesis/submodules/soc_system_mm_interconnect_0_router_005.sv Line: 84
Info (12021): Found 2 design units, including 2 entities, in source file qsys/soc_system/synthesis/submodules/soc_system_mm_interconnect_0_router_002.sv
    Info (12023): Found entity 1: soc_system_mm_interconnect_0_router_002_default_decode File: D:/Fax/master/neurax/neurax/hardware/quartus/qsys/soc_system/synthesis/submodules/soc_system_mm_interconnect_0_router_002.sv Line: 45
    Info (12023): Found entity 2: soc_system_mm_interconnect_0_router_002 File: D:/Fax/master/neurax/neurax/hardware/quartus/qsys/soc_system/synthesis/submodules/soc_system_mm_interconnect_0_router_002.sv Line: 84
Info (12021): Found 2 design units, including 2 entities, in source file qsys/soc_system/synthesis/submodules/soc_system_mm_interconnect_0_router.sv
    Info (12023): Found entity 1: soc_system_mm_interconnect_0_router_default_decode File: D:/Fax/master/neurax/neurax/hardware/quartus/qsys/soc_system/synthesis/submodules/soc_system_mm_interconnect_0_router.sv Line: 45
    Info (12023): Found entity 2: soc_system_mm_interconnect_0_router File: D:/Fax/master/neurax/neurax/hardware/quartus/qsys/soc_system/synthesis/submodules/soc_system_mm_interconnect_0_router.sv Line: 84
Info (12021): Found 1 design units, including 1 entities, in source file qsys/soc_system/synthesis/submodules/altera_merlin_slave_agent.sv
    Info (12023): Found entity 1: altera_merlin_slave_agent File: D:/Fax/master/neurax/neurax/hardware/quartus/qsys/soc_system/synthesis/submodules/altera_merlin_slave_agent.sv Line: 34
Info (12021): Found 1 design units, including 1 entities, in source file qsys/soc_system/synthesis/submodules/altera_merlin_axi_master_ni.sv
    Info (12023): Found entity 1: altera_merlin_axi_master_ni File: D:/Fax/master/neurax/neurax/hardware/quartus/qsys/soc_system/synthesis/submodules/altera_merlin_axi_master_ni.sv Line: 27
Info (12021): Found 1 design units, including 1 entities, in source file qsys/soc_system/synthesis/submodules/altera_merlin_slave_translator.sv
    Info (12023): Found entity 1: altera_merlin_slave_translator File: D:/Fax/master/neurax/neurax/hardware/quartus/qsys/soc_system/synthesis/submodules/altera_merlin_slave_translator.sv Line: 35
Info (12021): Found 1 design units, including 1 entities, in source file qsys/soc_system/synthesis/submodules/soc_system_pll_0.v
    Info (12023): Found entity 1: soc_system_pll_0 File: D:/Fax/master/neurax/neurax/hardware/quartus/qsys/soc_system/synthesis/submodules/soc_system_pll_0.v Line: 2
Info (12021): Found 1 design units, including 1 entities, in source file qsys/soc_system/synthesis/submodules/neurax.vhd
    Info (12023): Found entity 1: neurax File: D:/Fax/master/neurax/neurax/hardware/quartus/qsys/soc_system/synthesis/submodules/neurax.vhd Line: 5
Info (12021): Found 1 design units, including 1 entities, in source file qsys/soc_system/synthesis/submodules/soc_system_hps_0.v
    Info (12023): Found entity 1: soc_system_hps_0 File: D:/Fax/master/neurax/neurax/hardware/quartus/qsys/soc_system/synthesis/submodules/soc_system_hps_0.v Line: 9
Info (12021): Found 1 design units, including 1 entities, in source file qsys/soc_system/synthesis/submodules/soc_system_hps_0_hps_io.v
    Info (12023): Found entity 1: soc_system_hps_0_hps_io File: D:/Fax/master/neurax/neurax/hardware/quartus/qsys/soc_system/synthesis/submodules/soc_system_hps_0_hps_io.v Line: 9
Info (12021): Found 1 design units, including 1 entities, in source file qsys/soc_system/synthesis/submodules/hps_sdram.v
    Info (12023): Found entity 1: hps_sdram File: D:/Fax/master/neurax/neurax/hardware/quartus/qsys/soc_system/synthesis/submodules/hps_sdram.v Line: 9
Info (12021): Found 1 design units, including 1 entities, in source file qsys/soc_system/synthesis/submodules/altdq_dqs2_acv_connect_to_hard_phy_cyclonev.sv
    Info (12023): Found entity 1: altdq_dqs2_acv_connect_to_hard_phy_cyclonev File: D:/Fax/master/neurax/neurax/hardware/quartus/qsys/soc_system/synthesis/submodules/altdq_dqs2_acv_connect_to_hard_phy_cyclonev.sv Line: 19
Info (12021): Found 1 design units, including 1 entities, in source file qsys/soc_system/synthesis/submodules/altera_mem_if_dll_cyclonev.sv
    Info (12023): Found entity 1: altera_mem_if_dll_cyclonev File: D:/Fax/master/neurax/neurax/hardware/quartus/qsys/soc_system/synthesis/submodules/altera_mem_if_dll_cyclonev.sv Line: 23
Info (12021): Found 1 design units, including 1 entities, in source file qsys/soc_system/synthesis/submodules/altera_mem_if_hard_memory_controller_top_cyclonev.sv
    Info (12023): Found entity 1: altera_mem_if_hard_memory_controller_top_cyclonev File: D:/Fax/master/neurax/neurax/hardware/quartus/qsys/soc_system/synthesis/submodules/altera_mem_if_hard_memory_controller_top_cyclonev.sv Line: 18
Info (12021): Found 1 design units, including 1 entities, in source file qsys/soc_system/synthesis/submodules/altera_mem_if_hhp_qseq_synth_top.v
    Info (12023): Found entity 1: altera_mem_if_hhp_qseq_synth_top File: D:/Fax/master/neurax/neurax/hardware/quartus/qsys/soc_system/synthesis/submodules/altera_mem_if_hhp_qseq_synth_top.v Line: 15
Info (12021): Found 1 design units, including 1 entities, in source file qsys/soc_system/synthesis/submodules/altera_mem_if_oct_cyclonev.sv
    Info (12023): Found entity 1: altera_mem_if_oct_cyclonev File: D:/Fax/master/neurax/neurax/hardware/quartus/qsys/soc_system/synthesis/submodules/altera_mem_if_oct_cyclonev.sv Line: 23
Info (12021): Found 1 design units, including 1 entities, in source file qsys/soc_system/synthesis/submodules/hps_sdram_p0.sv
    Info (12023): Found entity 1: hps_sdram_p0 File: D:/Fax/master/neurax/neurax/hardware/quartus/qsys/soc_system/synthesis/submodules/hps_sdram_p0.sv Line: 18
Info (12021): Found 1 design units, including 1 entities, in source file qsys/soc_system/synthesis/submodules/hps_sdram_p0_acv_hard_addr_cmd_pads.v
    Info (12023): Found entity 1: hps_sdram_p0_acv_hard_addr_cmd_pads File: D:/Fax/master/neurax/neurax/hardware/quartus/qsys/soc_system/synthesis/submodules/hps_sdram_p0_acv_hard_addr_cmd_pads.v Line: 17
Info (12021): Found 1 design units, including 1 entities, in source file qsys/soc_system/synthesis/submodules/hps_sdram_p0_acv_hard_io_pads.v
    Info (12023): Found entity 1: hps_sdram_p0_acv_hard_io_pads File: D:/Fax/master/neurax/neurax/hardware/quartus/qsys/soc_system/synthesis/submodules/hps_sdram_p0_acv_hard_io_pads.v Line: 17
Info (12021): Found 1 design units, including 1 entities, in source file qsys/soc_system/synthesis/submodules/hps_sdram_p0_acv_hard_memphy.v
    Info (12023): Found entity 1: hps_sdram_p0_acv_hard_memphy File: D:/Fax/master/neurax/neurax/hardware/quartus/qsys/soc_system/synthesis/submodules/hps_sdram_p0_acv_hard_memphy.v Line: 21
Info (12021): Found 1 design units, including 1 entities, in source file qsys/soc_system/synthesis/submodules/hps_sdram_p0_acv_ldc.v
    Info (12023): Found entity 1: hps_sdram_p0_acv_ldc File: D:/Fax/master/neurax/neurax/hardware/quartus/qsys/soc_system/synthesis/submodules/hps_sdram_p0_acv_ldc.v Line: 17
Info (12021): Found 1 design units, including 1 entities, in source file qsys/soc_system/synthesis/submodules/hps_sdram_p0_altdqdqs.v
    Info (12023): Found entity 1: hps_sdram_p0_altdqdqs File: D:/Fax/master/neurax/neurax/hardware/quartus/qsys/soc_system/synthesis/submodules/hps_sdram_p0_altdqdqs.v Line: 17
Info (12021): Found 1 design units, including 1 entities, in source file qsys/soc_system/synthesis/submodules/hps_sdram_p0_clock_pair_generator.v
    Info (12023): Found entity 1: hps_sdram_p0_clock_pair_generator File: D:/Fax/master/neurax/neurax/hardware/quartus/qsys/soc_system/synthesis/submodules/hps_sdram_p0_clock_pair_generator.v Line: 29
Info (12021): Found 1 design units, including 1 entities, in source file qsys/soc_system/synthesis/submodules/hps_sdram_p0_generic_ddio.v
    Info (12023): Found entity 1: hps_sdram_p0_generic_ddio File: D:/Fax/master/neurax/neurax/hardware/quartus/qsys/soc_system/synthesis/submodules/hps_sdram_p0_generic_ddio.v Line: 17
Info (12021): Found 1 design units, including 1 entities, in source file qsys/soc_system/synthesis/submodules/hps_sdram_p0_iss_probe.v
    Info (12023): Found entity 1: hps_sdram_p0_iss_probe File: D:/Fax/master/neurax/neurax/hardware/quartus/qsys/soc_system/synthesis/submodules/hps_sdram_p0_iss_probe.v Line: 17
Info (12021): Found 1 design units, including 1 entities, in source file qsys/soc_system/synthesis/submodules/hps_sdram_p0_phy_csr.sv
    Info (12023): Found entity 1: hps_sdram_p0_phy_csr File: D:/Fax/master/neurax/neurax/hardware/quartus/qsys/soc_system/synthesis/submodules/hps_sdram_p0_phy_csr.sv Line: 31
Info (12021): Found 1 design units, including 1 entities, in source file qsys/soc_system/synthesis/submodules/hps_sdram_p0_reset.v
    Info (12023): Found entity 1: hps_sdram_p0_reset File: D:/Fax/master/neurax/neurax/hardware/quartus/qsys/soc_system/synthesis/submodules/hps_sdram_p0_reset.v Line: 18
Info (12021): Found 1 design units, including 1 entities, in source file qsys/soc_system/synthesis/submodules/hps_sdram_p0_reset_sync.v
    Info (12023): Found entity 1: hps_sdram_p0_reset_sync File: D:/Fax/master/neurax/neurax/hardware/quartus/qsys/soc_system/synthesis/submodules/hps_sdram_p0_reset_sync.v Line: 17
Info (12021): Found 1 design units, including 1 entities, in source file qsys/soc_system/synthesis/submodules/hps_sdram_pll.sv
    Info (12023): Found entity 1: hps_sdram_pll File: D:/Fax/master/neurax/neurax/hardware/quartus/qsys/soc_system/synthesis/submodules/hps_sdram_pll.sv Line: 25
Info (12021): Found 1 design units, including 1 entities, in source file qsys/soc_system/synthesis/submodules/soc_system_hps_0_hps_io_border.sv
    Info (12023): Found entity 1: soc_system_hps_0_hps_io_border File: D:/Fax/master/neurax/neurax/hardware/quartus/qsys/soc_system/synthesis/submodules/soc_system_hps_0_hps_io_border.sv Line: 14
Info (12021): Found 1 design units, including 1 entities, in source file qsys/soc_system/synthesis/submodules/soc_system_hps_0_fpga_interfaces.sv
    Info (12023): Found entity 1: soc_system_hps_0_fpga_interfaces File: D:/Fax/master/neurax/neurax/hardware/quartus/qsys/soc_system/synthesis/submodules/soc_system_hps_0_fpga_interfaces.sv Line: 14
Info (12021): Found 1 design units, including 1 entities, in source file qsys/soc_system/synthesis/submodules/soc_system_dma_neurax_write.v
    Info (12023): Found entity 1: soc_system_DMA_neurax_write File: D:/Fax/master/neurax/neurax/hardware/quartus/qsys/soc_system/synthesis/submodules/soc_system_DMA_neurax_write.v Line: 9
Info (12021): Found 1 design units, including 1 entities, in source file qsys/soc_system/synthesis/submodules/read_master.v
    Info (12023): Found entity 1: read_master File: D:/Fax/master/neurax/neurax/hardware/quartus/qsys/soc_system/synthesis/submodules/read_master.v Line: 73
Info (12021): Found 1 design units, including 1 entities, in source file qsys/soc_system/synthesis/submodules/mm_to_st_adapter.v
    Info (12023): Found entity 1: MM_to_ST_Adapter File: D:/Fax/master/neurax/neurax/hardware/quartus/qsys/soc_system/synthesis/submodules/MM_to_ST_Adapter.v Line: 53
Info (12021): Found 1 design units, including 1 entities, in source file qsys/soc_system/synthesis/submodules/read_burst_control.v
    Info (12023): Found entity 1: read_burst_control File: D:/Fax/master/neurax/neurax/hardware/quartus/qsys/soc_system/synthesis/submodules/read_burst_control.v Line: 42
Info (12021): Found 1 design units, including 1 entities, in source file qsys/soc_system/synthesis/submodules/dispatcher.v
    Info (12023): Found entity 1: dispatcher File: D:/Fax/master/neurax/neurax/hardware/quartus/qsys/soc_system/synthesis/submodules/dispatcher.v Line: 76
Info (12021): Found 1 design units, including 1 entities, in source file qsys/soc_system/synthesis/submodules/descriptor_buffers.v
    Info (12023): Found entity 1: descriptor_buffers File: D:/Fax/master/neurax/neurax/hardware/quartus/qsys/soc_system/synthesis/submodules/descriptor_buffers.v Line: 54
Info (12021): Found 1 design units, including 1 entities, in source file qsys/soc_system/synthesis/submodules/csr_block.v
    Info (12023): Found entity 1: csr_block File: D:/Fax/master/neurax/neurax/hardware/quartus/qsys/soc_system/synthesis/submodules/csr_block.v Line: 99
Info (12021): Found 1 design units, including 1 entities, in source file qsys/soc_system/synthesis/submodules/response_block.v
    Info (12023): Found entity 1: response_block File: D:/Fax/master/neurax/neurax/hardware/quartus/qsys/soc_system/synthesis/submodules/response_block.v Line: 61
Info (12021): Found 1 design units, including 1 entities, in source file qsys/soc_system/synthesis/submodules/fifo_with_byteenables.v
    Info (12023): Found entity 1: fifo_with_byteenables File: D:/Fax/master/neurax/neurax/hardware/quartus/qsys/soc_system/synthesis/submodules/fifo_with_byteenables.v Line: 45
Info (12021): Found 1 design units, including 1 entities, in source file qsys/soc_system/synthesis/submodules/read_signal_breakout.v
    Info (12023): Found entity 1: read_signal_breakout File: D:/Fax/master/neurax/neurax/hardware/quartus/qsys/soc_system/synthesis/submodules/read_signal_breakout.v Line: 42
Info (12021): Found 1 design units, including 1 entities, in source file qsys/soc_system/synthesis/submodules/write_signal_breakout.v
    Info (12023): Found entity 1: write_signal_breakout File: D:/Fax/master/neurax/neurax/hardware/quartus/qsys/soc_system/synthesis/submodules/write_signal_breakout.v Line: 41
Info (12021): Found 1 design units, including 1 entities, in source file qsys/soc_system/synthesis/submodules/soc_system_dma_neurax_read.v
    Info (12023): Found entity 1: soc_system_DMA_neurax_read File: D:/Fax/master/neurax/neurax/hardware/quartus/qsys/soc_system/synthesis/submodules/soc_system_DMA_neurax_read.v Line: 9
Info (12021): Found 1 design units, including 1 entities, in source file qsys/soc_system/synthesis/submodules/write_master.v
    Info (12023): Found entity 1: write_master File: D:/Fax/master/neurax/neurax/hardware/quartus/qsys/soc_system/synthesis/submodules/write_master.v Line: 66
Info (12021): Found 8 design units, including 8 entities, in source file qsys/soc_system/synthesis/submodules/byte_enable_generator.v
    Info (12023): Found entity 1: byte_enable_generator File: D:/Fax/master/neurax/neurax/hardware/quartus/qsys/soc_system/synthesis/submodules/byte_enable_generator.v Line: 54
    Info (12023): Found entity 2: one_thousand_twenty_four_byteenable_FSM File: D:/Fax/master/neurax/neurax/hardware/quartus/qsys/soc_system/synthesis/submodules/byte_enable_generator.v Line: 177
    Info (12023): Found entity 3: five_hundred_twelve_bit_byteenable_FSM File: D:/Fax/master/neurax/neurax/hardware/quartus/qsys/soc_system/synthesis/submodules/byte_enable_generator.v Line: 285
    Info (12023): Found entity 4: two_hundred_fifty_six_bit_byteenable_FSM File: D:/Fax/master/neurax/neurax/hardware/quartus/qsys/soc_system/synthesis/submodules/byte_enable_generator.v Line: 393
    Info (12023): Found entity 5: one_hundred_twenty_eight_bit_byteenable_FSM File: D:/Fax/master/neurax/neurax/hardware/quartus/qsys/soc_system/synthesis/submodules/byte_enable_generator.v Line: 500
    Info (12023): Found entity 6: sixty_four_bit_byteenable_FSM File: D:/Fax/master/neurax/neurax/hardware/quartus/qsys/soc_system/synthesis/submodules/byte_enable_generator.v Line: 606
    Info (12023): Found entity 7: thirty_two_bit_byteenable_FSM File: D:/Fax/master/neurax/neurax/hardware/quartus/qsys/soc_system/synthesis/submodules/byte_enable_generator.v Line: 711
    Info (12023): Found entity 8: sixteen_bit_byteenable_FSM File: D:/Fax/master/neurax/neurax/hardware/quartus/qsys/soc_system/synthesis/submodules/byte_enable_generator.v Line: 818
Info (12021): Found 1 design units, including 1 entities, in source file qsys/soc_system/synthesis/submodules/st_to_mm_adapter.v
    Info (12023): Found entity 1: ST_to_MM_Adapter File: D:/Fax/master/neurax/neurax/hardware/quartus/qsys/soc_system/synthesis/submodules/ST_to_MM_Adapter.v Line: 42
Info (12021): Found 1 design units, including 1 entities, in source file qsys/soc_system/synthesis/submodules/write_burst_control.v
    Info (12023): Found entity 1: write_burst_control File: D:/Fax/master/neurax/neurax/hardware/quartus/qsys/soc_system/synthesis/submodules/write_burst_control.v Line: 56
Info (12127): Elaborating entity "de1_soc_top" for the top level hierarchy
Info (12128): Elaborating entity "soc_system" for hierarchy "soc_system:u0" File: D:/Fax/master/neurax/neurax/hardware/hdl/de1_soc_top.vhd Line: 217
Info (12128): Elaborating entity "soc_system_DMA_neurax_read" for hierarchy "soc_system:u0|soc_system_DMA_neurax_read:dma_neurax_read" File: D:/Fax/master/neurax/neurax/hardware/quartus/qsys/soc_system/synthesis/soc_system.vhd Line: 768
Info (12128): Elaborating entity "dispatcher" for hierarchy "soc_system:u0|soc_system_DMA_neurax_read:dma_neurax_read|dispatcher:dispatcher_internal" File: D:/Fax/master/neurax/neurax/hardware/quartus/qsys/soc_system/synthesis/submodules/soc_system_DMA_neurax_read.v Line: 86
Info (12128): Elaborating entity "descriptor_buffers" for hierarchy "soc_system:u0|soc_system_DMA_neurax_read:dma_neurax_read|dispatcher:dispatcher_internal|descriptor_buffers:the_descriptor_buffers" File: D:/Fax/master/neurax/neurax/hardware/quartus/qsys/soc_system/synthesis/submodules/dispatcher.v Line: 306
Info (12128): Elaborating entity "write_signal_breakout" for hierarchy "soc_system:u0|soc_system_DMA_neurax_read:dma_neurax_read|dispatcher:dispatcher_internal|descriptor_buffers:the_descriptor_buffers|write_signal_breakout:the_write_signal_breakout" File: D:/Fax/master/neurax/neurax/hardware/quartus/qsys/soc_system/synthesis/submodules/descriptor_buffers.v Line: 251
Info (12128): Elaborating entity "read_signal_breakout" for hierarchy "soc_system:u0|soc_system_DMA_neurax_read:dma_neurax_read|dispatcher:dispatcher_internal|descriptor_buffers:the_descriptor_buffers|read_signal_breakout:the_read_signal_breakout" File: D:/Fax/master/neurax/neurax/hardware/quartus/qsys/soc_system/synthesis/submodules/descriptor_buffers.v Line: 277
Info (12128): Elaborating entity "fifo_with_byteenables" for hierarchy "soc_system:u0|soc_system_DMA_neurax_read:dma_neurax_read|dispatcher:dispatcher_internal|descriptor_buffers:the_descriptor_buffers|fifo_with_byteenables:the_read_command_FIFO" File: D:/Fax/master/neurax/neurax/hardware/quartus/qsys/soc_system/synthesis/submodules/descriptor_buffers.v Line: 296
Info (10264): Verilog HDL Case Statement information at fifo_with_byteenables.v(168): all case item expressions in this case statement are onehot File: D:/Fax/master/neurax/neurax/hardware/quartus/qsys/soc_system/synthesis/submodules/fifo_with_byteenables.v Line: 168
Info (12128): Elaborating entity "altsyncram" for hierarchy "soc_system:u0|soc_system_DMA_neurax_read:dma_neurax_read|dispatcher:dispatcher_internal|descriptor_buffers:the_descriptor_buffers|fifo_with_byteenables:the_read_command_FIFO|altsyncram:the_dp_ram" File: D:/Fax/master/neurax/neurax/hardware/quartus/qsys/soc_system/synthesis/submodules/fifo_with_byteenables.v Line: 136
Info (12130): Elaborated megafunction instantiation "soc_system:u0|soc_system_DMA_neurax_read:dma_neurax_read|dispatcher:dispatcher_internal|descriptor_buffers:the_descriptor_buffers|fifo_with_byteenables:the_read_command_FIFO|altsyncram:the_dp_ram" File: D:/Fax/master/neurax/neurax/hardware/quartus/qsys/soc_system/synthesis/submodules/fifo_with_byteenables.v Line: 136
Info (12133): Instantiated megafunction "soc_system:u0|soc_system_DMA_neurax_read:dma_neurax_read|dispatcher:dispatcher_internal|descriptor_buffers:the_descriptor_buffers|fifo_with_byteenables:the_read_command_FIFO|altsyncram:the_dp_ram" with the following parameter: File: D:/Fax/master/neurax/neurax/hardware/quartus/qsys/soc_system/synthesis/submodules/fifo_with_byteenables.v Line: 136
    Info (12134): Parameter "operation_mode" = "DUAL_PORT"
    Info (12134): Parameter "lpm_type" = "altsyncram"
    Info (12134): Parameter "read_during_write_mode_mixed_ports" = "DONT_CARE"
    Info (12134): Parameter "power_up_uninitialized" = "TRUE"
    Info (12134): Parameter "byte_size" = "8"
    Info (12134): Parameter "width_a" = "128"
    Info (12134): Parameter "width_b" = "128"
    Info (12134): Parameter "widthad_a" = "7"
    Info (12134): Parameter "widthad_b" = "7"
    Info (12134): Parameter "width_byteena_a" = "16"
    Info (12134): Parameter "numwords_a" = "128"
    Info (12134): Parameter "numwords_b" = "128"
    Info (12134): Parameter "address_reg_b" = "CLOCK0"
    Info (12134): Parameter "outdata_reg_b" = "CLOCK0"
Info (12021): Found 1 design units, including 1 entities, in source file db/altsyncram_79j1.tdf
    Info (12023): Found entity 1: altsyncram_79j1 File: D:/Fax/master/neurax/neurax/hardware/quartus/db/altsyncram_79j1.tdf Line: 28
Info (12128): Elaborating entity "altsyncram_79j1" for hierarchy "soc_system:u0|soc_system_DMA_neurax_read:dma_neurax_read|dispatcher:dispatcher_internal|descriptor_buffers:the_descriptor_buffers|fifo_with_byteenables:the_read_command_FIFO|altsyncram:the_dp_ram|altsyncram_79j1:auto_generated" File: c:/intelfpga_lite/24.1std/quartus/libraries/megafunctions/altsyncram.tdf Line: 792
Info (12128): Elaborating entity "csr_block" for hierarchy "soc_system:u0|soc_system_DMA_neurax_read:dma_neurax_read|dispatcher:dispatcher_internal|csr_block:the_csr_block" File: D:/Fax/master/neurax/neurax/hardware/quartus/qsys/soc_system/synthesis/submodules/dispatcher.v Line: 351
Info (12128): Elaborating entity "response_block" for hierarchy "soc_system:u0|soc_system_DMA_neurax_read:dma_neurax_read|dispatcher:dispatcher_internal|response_block:the_response_block" File: D:/Fax/master/neurax/neurax/hardware/quartus/qsys/soc_system/synthesis/submodules/dispatcher.v Line: 379
Info (12128): Elaborating entity "write_master" for hierarchy "soc_system:u0|soc_system_DMA_neurax_read:dma_neurax_read|write_master:write_mstr_internal" File: D:/Fax/master/neurax/neurax/hardware/quartus/qsys/soc_system/synthesis/submodules/soc_system_DMA_neurax_read.v Line: 135
Info (10264): Verilog HDL Case Statement information at write_master.v(757): all case item expressions in this case statement are onehot File: D:/Fax/master/neurax/neurax/hardware/quartus/qsys/soc_system/synthesis/submodules/write_master.v Line: 757
Info (12128): Elaborating entity "scfifo" for hierarchy "soc_system:u0|soc_system_DMA_neurax_read:dma_neurax_read|write_master:write_mstr_internal|scfifo:the_st_to_master_fifo" File: D:/Fax/master/neurax/neurax/hardware/quartus/qsys/soc_system/synthesis/submodules/write_master.v Line: 588
Info (12130): Elaborated megafunction instantiation "soc_system:u0|soc_system_DMA_neurax_read:dma_neurax_read|write_master:write_mstr_internal|scfifo:the_st_to_master_fifo" File: D:/Fax/master/neurax/neurax/hardware/quartus/qsys/soc_system/synthesis/submodules/write_master.v Line: 588
Info (12133): Instantiated megafunction "soc_system:u0|soc_system_DMA_neurax_read:dma_neurax_read|write_master:write_mstr_internal|scfifo:the_st_to_master_fifo" with the following parameter: File: D:/Fax/master/neurax/neurax/hardware/quartus/qsys/soc_system/synthesis/submodules/write_master.v Line: 588
    Info (12134): Parameter "lpm_width" = "37"
    Info (12134): Parameter "lpm_widthu" = "5"
    Info (12134): Parameter "lpm_numwords" = "32"
    Info (12134): Parameter "lpm_showahead" = "ON"
    Info (12134): Parameter "use_eab" = "ON"
    Info (12134): Parameter "add_ram_output_register" = "ON"
    Info (12134): Parameter "underflow_checking" = "OFF"
    Info (12134): Parameter "overflow_checking" = "OFF"
Info (12021): Found 1 design units, including 1 entities, in source file db/scfifo_t871.tdf
    Info (12023): Found entity 1: scfifo_t871 File: D:/Fax/master/neurax/neurax/hardware/quartus/db/scfifo_t871.tdf Line: 25
Info (12128): Elaborating entity "scfifo_t871" for hierarchy "soc_system:u0|soc_system_DMA_neurax_read:dma_neurax_read|write_master:write_mstr_internal|scfifo:the_st_to_master_fifo|scfifo_t871:auto_generated" File: c:/intelfpga_lite/24.1std/quartus/libraries/megafunctions/scfifo.tdf Line: 300
Info (12021): Found 1 design units, including 1 entities, in source file db/a_dpfifo_g071.tdf
    Info (12023): Found entity 1: a_dpfifo_g071 File: D:/Fax/master/neurax/neurax/hardware/quartus/db/a_dpfifo_g071.tdf Line: 33
Info (12128): Elaborating entity "a_dpfifo_g071" for hierarchy "soc_system:u0|soc_system_DMA_neurax_read:dma_neurax_read|write_master:write_mstr_internal|scfifo:the_st_to_master_fifo|scfifo_t871:auto_generated|a_dpfifo_g071:dpfifo" File: D:/Fax/master/neurax/neurax/hardware/quartus/db/scfifo_t871.tdf Line: 39
Info (12021): Found 1 design units, including 1 entities, in source file db/altsyncram_5hn1.tdf
    Info (12023): Found entity 1: altsyncram_5hn1 File: D:/Fax/master/neurax/neurax/hardware/quartus/db/altsyncram_5hn1.tdf Line: 28
Info (12128): Elaborating entity "altsyncram_5hn1" for hierarchy "soc_system:u0|soc_system_DMA_neurax_read:dma_neurax_read|write_master:write_mstr_internal|scfifo:the_st_to_master_fifo|scfifo_t871:auto_generated|a_dpfifo_g071:dpfifo|altsyncram_5hn1:FIFOram" File: D:/Fax/master/neurax/neurax/hardware/quartus/db/a_dpfifo_g071.tdf Line: 47
Info (12021): Found 1 design units, including 1 entities, in source file db/cmpr_4l8.tdf
    Info (12023): Found entity 1: cmpr_4l8 File: D:/Fax/master/neurax/neurax/hardware/quartus/db/cmpr_4l8.tdf Line: 23
Info (12128): Elaborating entity "cmpr_4l8" for hierarchy "soc_system:u0|soc_system_DMA_neurax_read:dma_neurax_read|write_master:write_mstr_internal|scfifo:the_st_to_master_fifo|scfifo_t871:auto_generated|a_dpfifo_g071:dpfifo|cmpr_4l8:almost_full_comparer" File: D:/Fax/master/neurax/neurax/hardware/quartus/db/a_dpfifo_g071.tdf Line: 56
Info (12128): Elaborating entity "cmpr_4l8" for hierarchy "soc_system:u0|soc_system_DMA_neurax_read:dma_neurax_read|write_master:write_mstr_internal|scfifo:the_st_to_master_fifo|scfifo_t871:auto_generated|a_dpfifo_g071:dpfifo|cmpr_4l8:three_comparison" File: D:/Fax/master/neurax/neurax/hardware/quartus/db/a_dpfifo_g071.tdf Line: 57
Info (12021): Found 1 design units, including 1 entities, in source file db/cntr_hgb.tdf
    Info (12023): Found entity 1: cntr_hgb File: D:/Fax/master/neurax/neurax/hardware/quartus/db/cntr_hgb.tdf Line: 26
Info (12128): Elaborating entity "cntr_hgb" for hierarchy "soc_system:u0|soc_system_DMA_neurax_read:dma_neurax_read|write_master:write_mstr_internal|scfifo:the_st_to_master_fifo|scfifo_t871:auto_generated|a_dpfifo_g071:dpfifo|cntr_hgb:rd_ptr_msb" File: D:/Fax/master/neurax/neurax/hardware/quartus/db/a_dpfifo_g071.tdf Line: 58
Info (12021): Found 1 design units, including 1 entities, in source file db/cntr_ug7.tdf
    Info (12023): Found entity 1: cntr_ug7 File: D:/Fax/master/neurax/neurax/hardware/quartus/db/cntr_ug7.tdf Line: 26
Info (12128): Elaborating entity "cntr_ug7" for hierarchy "soc_system:u0|soc_system_DMA_neurax_read:dma_neurax_read|write_master:write_mstr_internal|scfifo:the_st_to_master_fifo|scfifo_t871:auto_generated|a_dpfifo_g071:dpfifo|cntr_ug7:usedw_counter" File: D:/Fax/master/neurax/neurax/hardware/quartus/db/a_dpfifo_g071.tdf Line: 59
Info (12021): Found 1 design units, including 1 entities, in source file db/cntr_igb.tdf
    Info (12023): Found entity 1: cntr_igb File: D:/Fax/master/neurax/neurax/hardware/quartus/db/cntr_igb.tdf Line: 26
Info (12128): Elaborating entity "cntr_igb" for hierarchy "soc_system:u0|soc_system_DMA_neurax_read:dma_neurax_read|write_master:write_mstr_internal|scfifo:the_st_to_master_fifo|scfifo_t871:auto_generated|a_dpfifo_g071:dpfifo|cntr_igb:wr_ptr" File: D:/Fax/master/neurax/neurax/hardware/quartus/db/a_dpfifo_g071.tdf Line: 60
Info (12128): Elaborating entity "ST_to_MM_Adapter" for hierarchy "soc_system:u0|soc_system_DMA_neurax_read:dma_neurax_read|write_master:write_mstr_internal|ST_to_MM_Adapter:the_ST_to_MM_Adapter" File: D:/Fax/master/neurax/neurax/hardware/quartus/qsys/soc_system/synthesis/submodules/write_master.v Line: 616
Info (12128): Elaborating entity "byte_enable_generator" for hierarchy "soc_system:u0|soc_system_DMA_neurax_read:dma_neurax_read|write_master:write_mstr_internal|byte_enable_generator:the_byte_enable_generator" File: D:/Fax/master/neurax/neurax/hardware/quartus/qsys/soc_system/synthesis/submodules/write_master.v Line: 633
Info (12128): Elaborating entity "thirty_two_bit_byteenable_FSM" for hierarchy "soc_system:u0|soc_system_DMA_neurax_read:dma_neurax_read|write_master:write_mstr_internal|byte_enable_generator:the_byte_enable_generator|thirty_two_bit_byteenable_FSM:the_thirty_two_bit_byteenable_FSM" File: D:/Fax/master/neurax/neurax/hardware/quartus/qsys/soc_system/synthesis/submodules/byte_enable_generator.v Line: 107
Info (12128): Elaborating entity "sixteen_bit_byteenable_FSM" for hierarchy "soc_system:u0|soc_system_DMA_neurax_read:dma_neurax_read|write_master:write_mstr_internal|byte_enable_generator:the_byte_enable_generator|thirty_two_bit_byteenable_FSM:the_thirty_two_bit_byteenable_FSM|sixteen_bit_byteenable_FSM:lower_sixteen_bit_byteenable_FSM" File: D:/Fax/master/neurax/neurax/hardware/quartus/qsys/soc_system/synthesis/submodules/byte_enable_generator.v Line: 797
Info (12128): Elaborating entity "write_burst_control" for hierarchy "soc_system:u0|soc_system_DMA_neurax_read:dma_neurax_read|write_master:write_mstr_internal|write_burst_control:the_write_burst_control" File: D:/Fax/master/neurax/neurax/hardware/quartus/qsys/soc_system/synthesis/submodules/write_master.v Line: 664
Info (10264): Verilog HDL Case Statement information at write_burst_control.v(268): all case item expressions in this case statement are onehot File: D:/Fax/master/neurax/neurax/hardware/quartus/qsys/soc_system/synthesis/submodules/write_burst_control.v Line: 268
Info (12128): Elaborating entity "soc_system_DMA_neurax_write" for hierarchy "soc_system:u0|soc_system_DMA_neurax_write:dma_neurax_write" File: D:/Fax/master/neurax/neurax/hardware/quartus/qsys/soc_system/synthesis/soc_system.vhd Line: 794
Info (12128): Elaborating entity "dispatcher" for hierarchy "soc_system:u0|soc_system_DMA_neurax_write:dma_neurax_write|dispatcher:dispatcher_internal" File: D:/Fax/master/neurax/neurax/hardware/quartus/qsys/soc_system/synthesis/submodules/soc_system_DMA_neurax_write.v Line: 88
Info (12128): Elaborating entity "descriptor_buffers" for hierarchy "soc_system:u0|soc_system_DMA_neurax_write:dma_neurax_write|dispatcher:dispatcher_internal|descriptor_buffers:the_descriptor_buffers" File: D:/Fax/master/neurax/neurax/hardware/quartus/qsys/soc_system/synthesis/submodules/dispatcher.v Line: 306
Info (12128): Elaborating entity "read_master" for hierarchy "soc_system:u0|soc_system_DMA_neurax_write:dma_neurax_write|read_master:read_mstr_internal" File: D:/Fax/master/neurax/neurax/hardware/quartus/qsys/soc_system/synthesis/submodules/soc_system_DMA_neurax_write.v Line: 140
Info (10264): Verilog HDL Case Statement information at read_master.v(719): all case item expressions in this case statement are onehot File: D:/Fax/master/neurax/neurax/hardware/quartus/qsys/soc_system/synthesis/submodules/read_master.v Line: 719
Info (12128): Elaborating entity "MM_to_ST_Adapter" for hierarchy "soc_system:u0|soc_system_DMA_neurax_write:dma_neurax_write|read_master:read_mstr_internal|MM_to_ST_Adapter:the_MM_to_ST_adapter" File: D:/Fax/master/neurax/neurax/hardware/quartus/qsys/soc_system/synthesis/submodules/read_master.v Line: 548
Info (12128): Elaborating entity "scfifo" for hierarchy "soc_system:u0|soc_system_DMA_neurax_write:dma_neurax_write|read_master:read_mstr_internal|scfifo:the_master_to_st_fifo" File: D:/Fax/master/neurax/neurax/hardware/quartus/qsys/soc_system/synthesis/submodules/read_master.v Line: 572
Info (12130): Elaborated megafunction instantiation "soc_system:u0|soc_system_DMA_neurax_write:dma_neurax_write|read_master:read_mstr_internal|scfifo:the_master_to_st_fifo" File: D:/Fax/master/neurax/neurax/hardware/quartus/qsys/soc_system/synthesis/submodules/read_master.v Line: 572
Info (12133): Instantiated megafunction "soc_system:u0|soc_system_DMA_neurax_write:dma_neurax_write|read_master:read_mstr_internal|scfifo:the_master_to_st_fifo" with the following parameter: File: D:/Fax/master/neurax/neurax/hardware/quartus/qsys/soc_system/synthesis/submodules/read_master.v Line: 572
    Info (12134): Parameter "lpm_width" = "38"
    Info (12134): Parameter "lpm_numwords" = "32"
    Info (12134): Parameter "lpm_widthu" = "5"
    Info (12134): Parameter "lpm_showahead" = "ON"
    Info (12134): Parameter "use_eab" = "ON"
    Info (12134): Parameter "add_ram_output_register" = "ON"
    Info (12134): Parameter "underflow_checking" = "OFF"
    Info (12134): Parameter "overflow_checking" = "OFF"
Info (12021): Found 1 design units, including 1 entities, in source file db/scfifo_u871.tdf
    Info (12023): Found entity 1: scfifo_u871 File: D:/Fax/master/neurax/neurax/hardware/quartus/db/scfifo_u871.tdf Line: 25
Info (12128): Elaborating entity "scfifo_u871" for hierarchy "soc_system:u0|soc_system_DMA_neurax_write:dma_neurax_write|read_master:read_mstr_internal|scfifo:the_master_to_st_fifo|scfifo_u871:auto_generated" File: c:/intelfpga_lite/24.1std/quartus/libraries/megafunctions/scfifo.tdf Line: 300
Info (12021): Found 1 design units, including 1 entities, in source file db/a_dpfifo_h071.tdf
    Info (12023): Found entity 1: a_dpfifo_h071 File: D:/Fax/master/neurax/neurax/hardware/quartus/db/a_dpfifo_h071.tdf Line: 33
Info (12128): Elaborating entity "a_dpfifo_h071" for hierarchy "soc_system:u0|soc_system_DMA_neurax_write:dma_neurax_write|read_master:read_mstr_internal|scfifo:the_master_to_st_fifo|scfifo_u871:auto_generated|a_dpfifo_h071:dpfifo" File: D:/Fax/master/neurax/neurax/hardware/quartus/db/scfifo_u871.tdf Line: 39
Info (12021): Found 1 design units, including 1 entities, in source file db/altsyncram_7hn1.tdf
    Info (12023): Found entity 1: altsyncram_7hn1 File: D:/Fax/master/neurax/neurax/hardware/quartus/db/altsyncram_7hn1.tdf Line: 28
Info (12128): Elaborating entity "altsyncram_7hn1" for hierarchy "soc_system:u0|soc_system_DMA_neurax_write:dma_neurax_write|read_master:read_mstr_internal|scfifo:the_master_to_st_fifo|scfifo_u871:auto_generated|a_dpfifo_h071:dpfifo|altsyncram_7hn1:FIFOram" File: D:/Fax/master/neurax/neurax/hardware/quartus/db/a_dpfifo_h071.tdf Line: 47
Info (12128): Elaborating entity "read_burst_control" for hierarchy "soc_system:u0|soc_system_DMA_neurax_write:dma_neurax_write|read_master:read_mstr_internal|read_burst_control:the_read_burst_control" File: D:/Fax/master/neurax/neurax/hardware/quartus/qsys/soc_system/synthesis/submodules/read_master.v Line: 592
Info (12128): Elaborating entity "soc_system_hps_0" for hierarchy "soc_system:u0|soc_system_hps_0:hps_0" File: D:/Fax/master/neurax/neurax/hardware/quartus/qsys/soc_system/synthesis/soc_system.vhd Line: 822
Info (12128): Elaborating entity "soc_system_hps_0_fpga_interfaces" for hierarchy "soc_system:u0|soc_system_hps_0:hps_0|soc_system_hps_0_fpga_interfaces:fpga_interfaces" File: D:/Fax/master/neurax/neurax/hardware/quartus/qsys/soc_system/synthesis/submodules/soc_system_hps_0.v Line: 239
Info (12128): Elaborating entity "soc_system_hps_0_hps_io" for hierarchy "soc_system:u0|soc_system_hps_0:hps_0|soc_system_hps_0_hps_io:hps_io" File: D:/Fax/master/neurax/neurax/hardware/quartus/qsys/soc_system/synthesis/submodules/soc_system_hps_0.v Line: 281
Info (12128): Elaborating entity "soc_system_hps_0_hps_io_border" for hierarchy "soc_system:u0|soc_system_hps_0:hps_0|soc_system_hps_0_hps_io:hps_io|soc_system_hps_0_hps_io_border:border" File: D:/Fax/master/neurax/neurax/hardware/quartus/qsys/soc_system/synthesis/submodules/soc_system_hps_0_hps_io.v Line: 91
Info (12128): Elaborating entity "hps_sdram" for hierarchy "soc_system:u0|soc_system_hps_0:hps_0|soc_system_hps_0_hps_io:hps_io|soc_system_hps_0_hps_io_border:border|hps_sdram:hps_sdram_inst" File: D:/Fax/master/neurax/neurax/hardware/quartus/qsys/soc_system/synthesis/submodules/soc_system_hps_0_hps_io_border.sv Line: 219
Info (12128): Elaborating entity "hps_sdram_pll" for hierarchy "soc_system:u0|soc_system_hps_0:hps_0|soc_system_hps_0_hps_io:hps_io|soc_system_hps_0_hps_io_border:border|hps_sdram:hps_sdram_inst|hps_sdram_pll:pll" File: D:/Fax/master/neurax/neurax/hardware/quartus/qsys/soc_system/synthesis/submodules/hps_sdram.v Line: 105
Warning (10036): Verilog HDL or VHDL warning at hps_sdram_pll.sv(168): object "pll_dr_clk" assigned a value but never read File: D:/Fax/master/neurax/neurax/hardware/quartus/qsys/soc_system/synthesis/submodules/hps_sdram_pll.sv Line: 168
Warning (10034): Output port "pll_locked" at hps_sdram_pll.sv(91) has no driver File: D:/Fax/master/neurax/neurax/hardware/quartus/qsys/soc_system/synthesis/submodules/hps_sdram_pll.sv Line: 91
Info (12128): Elaborating entity "hps_sdram_p0" for hierarchy "soc_system:u0|soc_system_hps_0:hps_0|soc_system_hps_0_hps_io:hps_io|soc_system_hps_0_hps_io_border:border|hps_sdram:hps_sdram_inst|hps_sdram_p0:p0" File: D:/Fax/master/neurax/neurax/hardware/quartus/qsys/soc_system/synthesis/submodules/hps_sdram.v Line: 230
Info (10648): Verilog HDL Display System Task info at hps_sdram_p0.sv(405): Using Regular core emif simulation models File: D:/Fax/master/neurax/neurax/hardware/quartus/qsys/soc_system/synthesis/submodules/hps_sdram_p0.sv Line: 405
Info (12128): Elaborating entity "hps_sdram_p0_acv_hard_memphy" for hierarchy "soc_system:u0|soc_system_hps_0:hps_0|soc_system_hps_0_hps_io:hps_io|soc_system_hps_0_hps_io_border:border|hps_sdram:hps_sdram_inst|hps_sdram_p0:p0|hps_sdram_p0_acv_hard_memphy:umemphy" File: D:/Fax/master/neurax/neurax/hardware/quartus/qsys/soc_system/synthesis/submodules/hps_sdram_p0.sv Line: 573
Warning (10858): Verilog HDL warning at hps_sdram_p0_acv_hard_memphy.v(420): object reset_n_seq_clk used but never assigned File: D:/Fax/master/neurax/neurax/hardware/quartus/qsys/soc_system/synthesis/submodules/hps_sdram_p0_acv_hard_memphy.v Line: 420
Warning (10230): Verilog HDL assignment warning at hps_sdram_p0_acv_hard_memphy.v(557): truncated value with size 4 to match size of target (1) File: D:/Fax/master/neurax/neurax/hardware/quartus/qsys/soc_system/synthesis/submodules/hps_sdram_p0_acv_hard_memphy.v Line: 557
Warning (10030): Net "reset_n_seq_clk" at hps_sdram_p0_acv_hard_memphy.v(420) has no driver or initial value, using a default initial value '0' File: D:/Fax/master/neurax/neurax/hardware/quartus/qsys/soc_system/synthesis/submodules/hps_sdram_p0_acv_hard_memphy.v Line: 420
Warning (10034): Output port "ctl_reset_export_n" at hps_sdram_p0_acv_hard_memphy.v(222) has no driver File: D:/Fax/master/neurax/neurax/hardware/quartus/qsys/soc_system/synthesis/submodules/hps_sdram_p0_acv_hard_memphy.v Line: 222
Info (12128): Elaborating entity "hps_sdram_p0_acv_ldc" for hierarchy "soc_system:u0|soc_system_hps_0:hps_0|soc_system_hps_0_hps_io:hps_io|soc_system_hps_0_hps_io_border:border|hps_sdram:hps_sdram_inst|hps_sdram_p0:p0|hps_sdram_p0_acv_hard_memphy:umemphy|hps_sdram_p0_acv_ldc:memphy_ldc" File: D:/Fax/master/neurax/neurax/hardware/quartus/qsys/soc_system/synthesis/submodules/hps_sdram_p0_acv_hard_memphy.v Line: 554
Warning (10036): Verilog HDL or VHDL warning at hps_sdram_p0_acv_ldc.v(45): object "phy_clk_dq" assigned a value but never read File: D:/Fax/master/neurax/neurax/hardware/quartus/qsys/soc_system/synthesis/submodules/hps_sdram_p0_acv_ldc.v Line: 45
Warning (10036): Verilog HDL or VHDL warning at hps_sdram_p0_acv_ldc.v(47): object "phy_clk_dqs_2x" assigned a value but never read File: D:/Fax/master/neurax/neurax/hardware/quartus/qsys/soc_system/synthesis/submodules/hps_sdram_p0_acv_ldc.v Line: 47
Info (12128): Elaborating entity "hps_sdram_p0_acv_hard_io_pads" for hierarchy "soc_system:u0|soc_system_hps_0:hps_0|soc_system_hps_0_hps_io:hps_io|soc_system_hps_0_hps_io_border:border|hps_sdram:hps_sdram_inst|hps_sdram_p0:p0|hps_sdram_p0_acv_hard_memphy:umemphy|hps_sdram_p0_acv_hard_io_pads:uio_pads" File: D:/Fax/master/neurax/neurax/hardware/quartus/qsys/soc_system/synthesis/submodules/hps_sdram_p0_acv_hard_memphy.v Line: 780
Warning (10034): Output port "ddio_phy_dqdin[179..140]" at hps_sdram_p0_acv_hard_io_pads.v(191) has no driver File: D:/Fax/master/neurax/neurax/hardware/quartus/qsys/soc_system/synthesis/submodules/hps_sdram_p0_acv_hard_io_pads.v Line: 191
Warning (10034): Output port "ddio_phy_dqdin[107..104]" at hps_sdram_p0_acv_hard_io_pads.v(191) has no driver File: D:/Fax/master/neurax/neurax/hardware/quartus/qsys/soc_system/synthesis/submodules/hps_sdram_p0_acv_hard_io_pads.v Line: 191
Warning (10034): Output port "ddio_phy_dqdin[71..68]" at hps_sdram_p0_acv_hard_io_pads.v(191) has no driver File: D:/Fax/master/neurax/neurax/hardware/quartus/qsys/soc_system/synthesis/submodules/hps_sdram_p0_acv_hard_io_pads.v Line: 191
Warning (10034): Output port "ddio_phy_dqdin[35..32]" at hps_sdram_p0_acv_hard_io_pads.v(191) has no driver File: D:/Fax/master/neurax/neurax/hardware/quartus/qsys/soc_system/synthesis/submodules/hps_sdram_p0_acv_hard_io_pads.v Line: 191
Info (12128): Elaborating entity "hps_sdram_p0_acv_hard_addr_cmd_pads" for hierarchy "soc_system:u0|soc_system_hps_0:hps_0|soc_system_hps_0_hps_io:hps_io|soc_system_hps_0_hps_io_border:border|hps_sdram:hps_sdram_inst|hps_sdram_p0:p0|hps_sdram_p0_acv_hard_memphy:umemphy|hps_sdram_p0_acv_hard_io_pads:uio_pads|hps_sdram_p0_acv_hard_addr_cmd_pads:uaddr_cmd_pads" File: D:/Fax/master/neurax/neurax/hardware/quartus/qsys/soc_system/synthesis/submodules/hps_sdram_p0_acv_hard_io_pads.v Line: 244
Info (12128): Elaborating entity "hps_sdram_p0_generic_ddio" for hierarchy "soc_system:u0|soc_system_hps_0:hps_0|soc_system_hps_0_hps_io:hps_io|soc_system_hps_0_hps_io_border:border|hps_sdram:hps_sdram_inst|hps_sdram_p0:p0|hps_sdram_p0_acv_hard_memphy:umemphy|hps_sdram_p0_acv_hard_io_pads:uio_pads|hps_sdram_p0_acv_hard_addr_cmd_pads:uaddr_cmd_pads|hps_sdram_p0_generic_ddio:uaddress_pad" File: D:/Fax/master/neurax/neurax/hardware/quartus/qsys/soc_system/synthesis/submodules/hps_sdram_p0_acv_hard_addr_cmd_pads.v Line: 157
Info (12128): Elaborating entity "hps_sdram_p0_generic_ddio" for hierarchy "soc_system:u0|soc_system_hps_0:hps_0|soc_system_hps_0_hps_io:hps_io|soc_system_hps_0_hps_io_border:border|hps_sdram:hps_sdram_inst|hps_sdram_p0:p0|hps_sdram_p0_acv_hard_memphy:umemphy|hps_sdram_p0_acv_hard_io_pads:uio_pads|hps_sdram_p0_acv_hard_addr_cmd_pads:uaddr_cmd_pads|hps_sdram_p0_generic_ddio:ubank_pad" File: D:/Fax/master/neurax/neurax/hardware/quartus/qsys/soc_system/synthesis/submodules/hps_sdram_p0_acv_hard_addr_cmd_pads.v Line: 166
Info (12128): Elaborating entity "hps_sdram_p0_generic_ddio" for hierarchy "soc_system:u0|soc_system_hps_0:hps_0|soc_system_hps_0_hps_io:hps_io|soc_system_hps_0_hps_io_border:border|hps_sdram:hps_sdram_inst|hps_sdram_p0:p0|hps_sdram_p0_acv_hard_memphy:umemphy|hps_sdram_p0_acv_hard_io_pads:uio_pads|hps_sdram_p0_acv_hard_addr_cmd_pads:uaddr_cmd_pads|hps_sdram_p0_generic_ddio:ucmd_pad" File: D:/Fax/master/neurax/neurax/hardware/quartus/qsys/soc_system/synthesis/submodules/hps_sdram_p0_acv_hard_addr_cmd_pads.v Line: 189
Info (12128): Elaborating entity "hps_sdram_p0_generic_ddio" for hierarchy "soc_system:u0|soc_system_hps_0:hps_0|soc_system_hps_0_hps_io:hps_io|soc_system_hps_0_hps_io_border:border|hps_sdram:hps_sdram_inst|hps_sdram_p0:p0|hps_sdram_p0_acv_hard_memphy:umemphy|hps_sdram_p0_acv_hard_io_pads:uio_pads|hps_sdram_p0_acv_hard_addr_cmd_pads:uaddr_cmd_pads|hps_sdram_p0_generic_ddio:ureset_n_pad" File: D:/Fax/master/neurax/neurax/hardware/quartus/qsys/soc_system/synthesis/submodules/hps_sdram_p0_acv_hard_addr_cmd_pads.v Line: 198
Info (12128): Elaborating entity "altddio_out" for hierarchy "soc_system:u0|soc_system_hps_0:hps_0|soc_system_hps_0_hps_io:hps_io|soc_system_hps_0_hps_io_border:border|hps_sdram:hps_sdram_inst|hps_sdram_p0:p0|hps_sdram_p0_acv_hard_memphy:umemphy|hps_sdram_p0_acv_hard_io_pads:uio_pads|hps_sdram_p0_acv_hard_addr_cmd_pads:uaddr_cmd_pads|altddio_out:clock_gen[0].umem_ck_pad" File: D:/Fax/master/neurax/neurax/hardware/quartus/qsys/soc_system/synthesis/submodules/hps_sdram_p0_acv_hard_addr_cmd_pads.v Line: 317
Info (12130): Elaborated megafunction instantiation "soc_system:u0|soc_system_hps_0:hps_0|soc_system_hps_0_hps_io:hps_io|soc_system_hps_0_hps_io_border:border|hps_sdram:hps_sdram_inst|hps_sdram_p0:p0|hps_sdram_p0_acv_hard_memphy:umemphy|hps_sdram_p0_acv_hard_io_pads:uio_pads|hps_sdram_p0_acv_hard_addr_cmd_pads:uaddr_cmd_pads|altddio_out:clock_gen[0].umem_ck_pad" File: D:/Fax/master/neurax/neurax/hardware/quartus/qsys/soc_system/synthesis/submodules/hps_sdram_p0_acv_hard_addr_cmd_pads.v Line: 317
Info (12133): Instantiated megafunction "soc_system:u0|soc_system_hps_0:hps_0|soc_system_hps_0_hps_io:hps_io|soc_system_hps_0_hps_io_border:border|hps_sdram:hps_sdram_inst|hps_sdram_p0:p0|hps_sdram_p0_acv_hard_memphy:umemphy|hps_sdram_p0_acv_hard_io_pads:uio_pads|hps_sdram_p0_acv_hard_addr_cmd_pads:uaddr_cmd_pads|altddio_out:clock_gen[0].umem_ck_pad" with the following parameter: File: D:/Fax/master/neurax/neurax/hardware/quartus/qsys/soc_system/synthesis/submodules/hps_sdram_p0_acv_hard_addr_cmd_pads.v Line: 317
    Info (12134): Parameter "extend_oe_disable" = "UNUSED"
    Info (12134): Parameter "intended_device_family" = "Cyclone V"
    Info (12134): Parameter "invert_output" = "OFF"
    Info (12134): Parameter "lpm_hint" = "UNUSED"
    Info (12134): Parameter "lpm_type" = "altddio_out"
    Info (12134): Parameter "oe_reg" = "UNUSED"
    Info (12134): Parameter "power_up_high" = "OFF"
    Info (12134): Parameter "width" = "1"
Info (12021): Found 1 design units, including 1 entities, in source file db/ddio_out_uqe.tdf
    Info (12023): Found entity 1: ddio_out_uqe File: D:/Fax/master/neurax/neurax/hardware/quartus/db/ddio_out_uqe.tdf Line: 28
Info (12128): Elaborating entity "ddio_out_uqe" for hierarchy "soc_system:u0|soc_system_hps_0:hps_0|soc_system_hps_0_hps_io:hps_io|soc_system_hps_0_hps_io_border:border|hps_sdram:hps_sdram_inst|hps_sdram_p0:p0|hps_sdram_p0_acv_hard_memphy:umemphy|hps_sdram_p0_acv_hard_io_pads:uio_pads|hps_sdram_p0_acv_hard_addr_cmd_pads:uaddr_cmd_pads|altddio_out:clock_gen[0].umem_ck_pad|ddio_out_uqe:auto_generated" File: c:/intelfpga_lite/24.1std/quartus/libraries/megafunctions/altddio_out.tdf Line: 101
Info (12128): Elaborating entity "hps_sdram_p0_clock_pair_generator" for hierarchy "soc_system:u0|soc_system_hps_0:hps_0|soc_system_hps_0_hps_io:hps_io|soc_system_hps_0_hps_io_border:border|hps_sdram:hps_sdram_inst|hps_sdram_p0:p0|hps_sdram_p0_acv_hard_memphy:umemphy|hps_sdram_p0_acv_hard_io_pads:uio_pads|hps_sdram_p0_acv_hard_addr_cmd_pads:uaddr_cmd_pads|hps_sdram_p0_clock_pair_generator:clock_gen[0].uclk_generator" File: D:/Fax/master/neurax/neurax/hardware/quartus/qsys/soc_system/synthesis/submodules/hps_sdram_p0_acv_hard_addr_cmd_pads.v Line: 337
Info (12128): Elaborating entity "hps_sdram_p0_altdqdqs" for hierarchy "soc_system:u0|soc_system_hps_0:hps_0|soc_system_hps_0_hps_io:hps_io|soc_system_hps_0_hps_io_border:border|hps_sdram:hps_sdram_inst|hps_sdram_p0:p0|hps_sdram_p0_acv_hard_memphy:umemphy|hps_sdram_p0_acv_hard_io_pads:uio_pads|hps_sdram_p0_altdqdqs:dq_ddio[0].ubidir_dq_dqs" File: D:/Fax/master/neurax/neurax/hardware/quartus/qsys/soc_system/synthesis/submodules/hps_sdram_p0_acv_hard_io_pads.v Line: 317
Info (12128): Elaborating entity "altdq_dqs2_acv_connect_to_hard_phy_cyclonev" for hierarchy "soc_system:u0|soc_system_hps_0:hps_0|soc_system_hps_0_hps_io:hps_io|soc_system_hps_0_hps_io_border:border|hps_sdram:hps_sdram_inst|hps_sdram_p0:p0|hps_sdram_p0_acv_hard_memphy:umemphy|hps_sdram_p0_acv_hard_io_pads:uio_pads|hps_sdram_p0_altdqdqs:dq_ddio[0].ubidir_dq_dqs|altdq_dqs2_acv_connect_to_hard_phy_cyclonev:altdq_dqs2_inst" File: D:/Fax/master/neurax/neurax/hardware/quartus/qsys/soc_system/synthesis/submodules/hps_sdram_p0_altdqdqs.v Line: 146
Info (12128): Elaborating entity "altera_mem_if_hhp_qseq_synth_top" for hierarchy "soc_system:u0|soc_system_hps_0:hps_0|soc_system_hps_0_hps_io:hps_io|soc_system_hps_0_hps_io_border:border|hps_sdram:hps_sdram_inst|altera_mem_if_hhp_qseq_synth_top:seq" File: D:/Fax/master/neurax/neurax/hardware/quartus/qsys/soc_system/synthesis/submodules/hps_sdram.v Line: 238
Warning (12158): Entity "altera_mem_if_hhp_qseq_synth_top" contains only dangling pins File: D:/Fax/master/neurax/neurax/hardware/quartus/qsys/soc_system/synthesis/submodules/hps_sdram.v Line: 238
Info (12128): Elaborating entity "altera_mem_if_hard_memory_controller_top_cyclonev" for hierarchy "soc_system:u0|soc_system_hps_0:hps_0|soc_system_hps_0_hps_io:hps_io|soc_system_hps_0_hps_io_border:border|hps_sdram:hps_sdram_inst|altera_mem_if_hard_memory_controller_top_cyclonev:c0" File: D:/Fax/master/neurax/neurax/hardware/quartus/qsys/soc_system/synthesis/submodules/hps_sdram.v Line: 794
Warning (10230): Verilog HDL assignment warning at altera_mem_if_hard_memory_controller_top_cyclonev.sv(1166): truncated value with size 320 to match size of target (1) File: D:/Fax/master/neurax/neurax/hardware/quartus/qsys/soc_system/synthesis/submodules/altera_mem_if_hard_memory_controller_top_cyclonev.sv Line: 1166
Warning (10230): Verilog HDL assignment warning at altera_mem_if_hard_memory_controller_top_cyclonev.sv(1167): truncated value with size 320 to match size of target (1) File: D:/Fax/master/neurax/neurax/hardware/quartus/qsys/soc_system/synthesis/submodules/altera_mem_if_hard_memory_controller_top_cyclonev.sv Line: 1167
Warning (10230): Verilog HDL assignment warning at altera_mem_if_hard_memory_controller_top_cyclonev.sv(1168): truncated value with size 320 to match size of target (1) File: D:/Fax/master/neurax/neurax/hardware/quartus/qsys/soc_system/synthesis/submodules/altera_mem_if_hard_memory_controller_top_cyclonev.sv Line: 1168
Warning (10230): Verilog HDL assignment warning at altera_mem_if_hard_memory_controller_top_cyclonev.sv(1169): truncated value with size 320 to match size of target (1) File: D:/Fax/master/neurax/neurax/hardware/quartus/qsys/soc_system/synthesis/submodules/altera_mem_if_hard_memory_controller_top_cyclonev.sv Line: 1169
Warning (10230): Verilog HDL assignment warning at altera_mem_if_hard_memory_controller_top_cyclonev.sv(1170): truncated value with size 320 to match size of target (1) File: D:/Fax/master/neurax/neurax/hardware/quartus/qsys/soc_system/synthesis/submodules/altera_mem_if_hard_memory_controller_top_cyclonev.sv Line: 1170
Warning (10230): Verilog HDL assignment warning at altera_mem_if_hard_memory_controller_top_cyclonev.sv(1171): truncated value with size 320 to match size of target (1) File: D:/Fax/master/neurax/neurax/hardware/quartus/qsys/soc_system/synthesis/submodules/altera_mem_if_hard_memory_controller_top_cyclonev.sv Line: 1171
Info (12128): Elaborating entity "altera_mem_if_oct_cyclonev" for hierarchy "soc_system:u0|soc_system_hps_0:hps_0|soc_system_hps_0_hps_io:hps_io|soc_system_hps_0_hps_io_border:border|hps_sdram:hps_sdram_inst|altera_mem_if_oct_cyclonev:oct" File: D:/Fax/master/neurax/neurax/hardware/quartus/qsys/soc_system/synthesis/submodules/hps_sdram.v Line: 802
Info (12128): Elaborating entity "altera_mem_if_dll_cyclonev" for hierarchy "soc_system:u0|soc_system_hps_0:hps_0|soc_system_hps_0_hps_io:hps_io|soc_system_hps_0_hps_io_border:border|hps_sdram:hps_sdram_inst|altera_mem_if_dll_cyclonev:dll" File: D:/Fax/master/neurax/neurax/hardware/quartus/qsys/soc_system/synthesis/submodules/hps_sdram.v Line: 814
Info (12128): Elaborating entity "neurax" for hierarchy "soc_system:u0|neurax:neurax_avalon_accelerator_0" File: D:/Fax/master/neurax/neurax/hardware/quartus/qsys/soc_system/synthesis/soc_system.vhd Line: 948
Error (10793): VHDL error at neurax.vhd(5): entity neurax does not have an architecture File: D:/Fax/master/neurax/neurax/hardware/quartus/qsys/soc_system/synthesis/submodules/neurax.vhd Line: 5
Error (12152): Can't elaborate user hierarchy "soc_system:u0|neurax:neurax_avalon_accelerator_0" File: D:/Fax/master/neurax/neurax/hardware/quartus/qsys/soc_system/synthesis/soc_system.vhd Line: 948
Info (144001): Generated suppressed messages file D:/Fax/master/neurax/neurax/hardware/quartus/output_files/de1-soc-top.map.smsg
Error: Quartus Prime Analysis & Synthesis was unsuccessful. 2 errors, 20 warnings
    Error: Peak virtual memory: 5117 megabytes
    Error: Processing ended: Mon Sep 22 22:02:28 2025
    Error: Elapsed time: 00:03:09
    Error: Total CPU time (on all processors): 00:03:19


+------------------------------------------+
; Analysis & Synthesis Suppressed Messages ;
+------------------------------------------+
The suppressed messages can be found in D:/Fax/master/neurax/neurax/hardware/quartus/output_files/de1-soc-top.map.smsg.


