------------------------------------------------------------
Timing Analyzer Summary
------------------------------------------------------------

Type  : Slow 1100mV 85C Model Setup 'clk'
Slack : -5.771
TNS   : -3550.689

Type  : Slow 1100mV 85C Model Hold 'clk'
Slack : 0.263
TNS   : 0.000

Type  : Slow 1100mV 85C Model Minimum Pulse Width 'clk'
Slack : -0.394
TNS   : -598.902

Type  : Slow 1100mV 0C Model Setup 'clk'
Slack : -5.988
TNS   : -3529.286

Type  : Slow 1100mV 0C Model Hold 'clk'
Slack : 0.214
TNS   : 0.000

Type  : Slow 1100mV 0C Model Minimum Pulse Width 'clk'
Slack : -0.394
TNS   : -653.432

Type  : Fast 1100mV 85C Model Setup 'clk'
Slack : -2.628
TNS   : -1655.681

Type  : Fast 1100mV 85C Model Hold 'clk'
Slack : 0.172
TNS   : 0.000

Type  : Fast 1100mV 85C Model Minimum Pulse Width 'clk'
Slack : -0.093
TNS   : -95.428

Type  : Fast 1100mV 0C Model Setup 'clk'
Slack : -2.397
TNS   : -1410.769

Type  : Fast 1100mV 0C Model Hold 'clk'
Slack : 0.134
TNS   : 0.000

Type  : Fast 1100mV 0C Model Minimum Pulse Width 'clk'
Slack : -0.090
TNS   : -93.755

------------------------------------------------------------
