------------------------------------------------------------
Timing Analyzer Summary
------------------------------------------------------------

Type  : Slow 1100mV 85C Model Setup 'clk'
Slack : -62.266
TNS   : -8449.967

Type  : Slow 1100mV 85C Model Hold 'clk'
Slack : 0.353
TNS   : 0.000

Type  : Slow 1100mV 85C Model Minimum Pulse Width 'clk'
Slack : -2.225
TNS   : -328.050

Type  : Slow 1100mV 0C Model Setup 'clk'
Slack : -64.787
TNS   : -8771.906

Type  : Slow 1100mV 0C Model Hold 'clk'
Slack : 0.371
TNS   : 0.000

Type  : Slow 1100mV 0C Model Minimum Pulse Width 'clk'
Slack : -2.225
TNS   : -346.542

Type  : Fast 1100mV 85C Model Setup 'clk'
Slack : -31.984
TNS   : -4278.205

Type  : Fast 1100mV 85C Model Hold 'clk'
Slack : 0.181
TNS   : 0.000

Type  : Fast 1100mV 85C Model Minimum Pulse Width 'clk'
Slack : -1.702
TNS   : -137.359

Type  : Fast 1100mV 0C Model Setup 'clk'
Slack : -30.471
TNS   : -4061.592

Type  : Fast 1100mV 0C Model Hold 'clk'
Slack : 0.169
TNS   : 0.000

Type  : Fast 1100mV 0C Model Minimum Pulse Width 'clk'
Slack : -1.702
TNS   : -137.380

------------------------------------------------------------
