Analysis & Synthesis report for neurax_data_interface
Mon Sep 22 14:47:14 2025
Quartus Prime Version 24.1std.0 Build 1077 03/04/2025 SC Lite Edition


---------------------
; Table of Contents ;
---------------------
  1. Legal Notice
  2. Analysis & Synthesis Summary
  3. Analysis & Synthesis Settings
  4. Parallel Compilation
  5. Analysis & Synthesis Source Files Read
  6. Analysis & Synthesis Resource Usage Summary
  7. Analysis & Synthesis Resource Utilization by Entity
  8. Registers Removed During Synthesis
  9. General Register Statistics
 10. Inverted Register Statistics
 11. Multiplexer Restructuring Statistics (Restructuring Performed)
 12. Parameter Settings for User Entity Instance: Top-level Entity: |neurax_data_interface
 13. Post-Synthesis Netlist Statistics for Top Partition
 14. Elapsed Time Per Partition
 15. Analysis & Synthesis Messages



----------------
; Legal Notice ;
----------------
Copyright (C) 2025  Altera Corporation. All rights reserved.
Your use of Altera Corporation's design tools, logic functions 
and other software and tools, and any partner logic 
functions, and any output files from any of the foregoing 
(including device programming or simulation files), and any 
associated documentation or information are expressly subject 
to the terms and conditions of the Altera Program License 
Subscription Agreement, the Altera Quartus Prime License Agreement,
the Altera IP License Agreement, or other applicable license
agreement, including, without limitation, that your use is for
the sole purpose of programming logic devices manufactured by
Altera and sold by Altera or its authorized distributors.  Please
refer to the Altera Software License Subscription Agreements 
on the Quartus Prime software download page.



+-----------------------------------------------------------------------------------+
; Analysis & Synthesis Summary                                                      ;
+---------------------------------+-------------------------------------------------+
; Analysis & Synthesis Status     ; Successful - Mon Sep 22 14:47:08 2025           ;
; Quartus Prime Version           ; 24.1std.0 Build 1077 03/04/2025 SC Lite Edition ;
; Revision Name                   ; neurax_data_interface                           ;
; Top-level Entity Name           ; neurax_data_interface                           ;
; Family                          ; Cyclone V                                       ;
; Logic utilization (in ALMs)     ; N/A                                             ;
; Total registers                 ; 240058                                          ;
; Total pins                      ; 74                                              ;
; Total virtual pins              ; 0                                               ;
; Total block memory bits         ; 0                                               ;
; Total DSP Blocks                ; 0                                               ;
; Total HSSI RX PCSs              ; 0                                               ;
; Total HSSI PMA RX Deserializers ; 0                                               ;
; Total HSSI TX PCSs              ; 0                                               ;
; Total HSSI PMA TX Serializers   ; 0                                               ;
; Total PLLs                      ; 0                                               ;
; Total DLLs                      ; 0                                               ;
+---------------------------------+-------------------------------------------------+


+---------------------------------------------------------------------------------------------------------------------------------+
; Analysis & Synthesis Settings                                                                                                   ;
+---------------------------------------------------------------------------------+-----------------------+-----------------------+
; Option                                                                          ; Setting               ; Default Value         ;
+---------------------------------------------------------------------------------+-----------------------+-----------------------+
; Device                                                                          ; 5CSEMA5F31C6          ;                       ;
; Top-level entity name                                                           ; neurax_data_interface ; neurax_data_interface ;
; Family name                                                                     ; Cyclone V             ; Cyclone V             ;
; Use smart compilation                                                           ; Off                   ; Off                   ;
; Enable parallel Assembler and Timing Analyzer during compilation                ; On                    ; On                    ;
; Enable compact report table                                                     ; Off                   ; Off                   ;
; Restructure Multiplexers                                                        ; Auto                  ; Auto                  ;
; MLAB Add Timing Constraints For Mixed-Port Feed-Through Mode Setting Don't Care ; Off                   ; Off                   ;
; Create Debugging Nodes for IP Cores                                             ; Off                   ; Off                   ;
; Preserve fewer node names                                                       ; On                    ; On                    ;
; Intel FPGA IP Evaluation Mode                                                   ; Enable                ; Enable                ;
; Verilog Version                                                                 ; Verilog_2001          ; Verilog_2001          ;
; VHDL Version                                                                    ; VHDL_1993             ; VHDL_1993             ;
; State Machine Processing                                                        ; Auto                  ; Auto                  ;
; Safe State Machine                                                              ; Off                   ; Off                   ;
; Extract Verilog State Machines                                                  ; On                    ; On                    ;
; Extract VHDL State Machines                                                     ; On                    ; On                    ;
; Ignore Verilog initial constructs                                               ; Off                   ; Off                   ;
; Iteration limit for constant Verilog loops                                      ; 5000                  ; 5000                  ;
; Iteration limit for non-constant Verilog loops                                  ; 250                   ; 250                   ;
; Add Pass-Through Logic to Inferred RAMs                                         ; On                    ; On                    ;
; Infer RAMs from Raw Logic                                                       ; On                    ; On                    ;
; Parallel Synthesis                                                              ; On                    ; On                    ;
; DSP Block Balancing                                                             ; Auto                  ; Auto                  ;
; NOT Gate Push-Back                                                              ; On                    ; On                    ;
; Power-Up Don't Care                                                             ; On                    ; On                    ;
; Remove Redundant Logic Cells                                                    ; Off                   ; Off                   ;
; Remove Duplicate Registers                                                      ; On                    ; On                    ;
; Ignore CARRY Buffers                                                            ; Off                   ; Off                   ;
; Ignore CASCADE Buffers                                                          ; Off                   ; Off                   ;
; Ignore GLOBAL Buffers                                                           ; Off                   ; Off                   ;
; Ignore ROW GLOBAL Buffers                                                       ; Off                   ; Off                   ;
; Ignore LCELL Buffers                                                            ; Off                   ; Off                   ;
; Ignore SOFT Buffers                                                             ; On                    ; On                    ;
; Limit AHDL Integers to 32 Bits                                                  ; Off                   ; Off                   ;
; Optimization Technique                                                          ; Balanced              ; Balanced              ;
; Carry Chain Length                                                              ; 70                    ; 70                    ;
; Auto Carry Chains                                                               ; On                    ; On                    ;
; Auto Open-Drain Pins                                                            ; On                    ; On                    ;
; Perform WYSIWYG Primitive Resynthesis                                           ; Off                   ; Off                   ;
; Auto ROM Replacement                                                            ; On                    ; On                    ;
; Auto RAM Replacement                                                            ; On                    ; On                    ;
; Auto DSP Block Replacement                                                      ; On                    ; On                    ;
; Auto Shift Register Replacement                                                 ; Auto                  ; Auto                  ;
; Allow Shift Register Merging across Hierarchies                                 ; Auto                  ; Auto                  ;
; Auto Clock Enable Replacement                                                   ; On                    ; On                    ;
; Strict RAM Replacement                                                          ; Off                   ; Off                   ;
; Allow Synchronous Control Signals                                               ; On                    ; On                    ;
; Force Use of Synchronous Clear Signals                                          ; Off                   ; Off                   ;
; Auto Resource Sharing                                                           ; Off                   ; Off                   ;
; Allow Any RAM Size For Recognition                                              ; Off                   ; Off                   ;
; Allow Any ROM Size For Recognition                                              ; Off                   ; Off                   ;
; Allow Any Shift Register Size For Recognition                                   ; Off                   ; Off                   ;
; Use LogicLock Constraints during Resource Balancing                             ; On                    ; On                    ;
; Ignore translate_off and synthesis_off directives                               ; Off                   ; Off                   ;
; Timing-Driven Synthesis                                                         ; On                    ; On                    ;
; Report Parameter Settings                                                       ; On                    ; On                    ;
; Report Source Assignments                                                       ; On                    ; On                    ;
; Report Connectivity Checks                                                      ; On                    ; On                    ;
; Ignore Maximum Fan-Out Assignments                                              ; Off                   ; Off                   ;
; Synchronization Register Chain Length                                           ; 3                     ; 3                     ;
; Power Optimization During Synthesis                                             ; Normal compilation    ; Normal compilation    ;
; HDL message level                                                               ; Level2                ; Level2                ;
; Suppress Register Optimization Related Messages                                 ; Off                   ; Off                   ;
; Number of Removed Registers Reported in Synthesis Report                        ; 5000                  ; 5000                  ;
; Number of Swept Nodes Reported in Synthesis Report                              ; 5000                  ; 5000                  ;
; Number of Inverted Registers Reported in Synthesis Report                       ; 100                   ; 100                   ;
; Clock MUX Protection                                                            ; On                    ; On                    ;
; Auto Gated Clock Conversion                                                     ; Off                   ; Off                   ;
; Block Design Naming                                                             ; Auto                  ; Auto                  ;
; SDC constraint protection                                                       ; Off                   ; Off                   ;
; Synthesis Effort                                                                ; Auto                  ; Auto                  ;
; Shift Register Replacement - Allow Asynchronous Clear Signal                    ; On                    ; On                    ;
; Pre-Mapping Resynthesis Optimization                                            ; Off                   ; Off                   ;
; Analysis & Synthesis Message Level                                              ; Medium                ; Medium                ;
; Disable Register Merging Across Hierarchies                                     ; Auto                  ; Auto                  ;
; Resource Aware Inference For Block RAM                                          ; On                    ; On                    ;
; Automatic Parallel Synthesis                                                    ; On                    ; On                    ;
; Partial Reconfiguration Bitstream ID                                            ; Off                   ; Off                   ;
+---------------------------------------------------------------------------------+-----------------------+-----------------------+


+------------------------------------------+
; Parallel Compilation                     ;
+----------------------------+-------------+
; Processors                 ; Number      ;
+----------------------------+-------------+
; Number detected on machine ; 12          ;
; Maximum allowed            ; 12          ;
;                            ;             ;
; Average used               ; 1.54        ;
; Maximum used               ; 12          ;
;                            ;             ;
; Usage by Processor         ; % Time Used ;
;     Processor 1            ; 100.0%      ;
;     Processor 2            ;  15.2%      ;
;     Processor 3            ;  15.2%      ;
;     Processor 4            ;   3.3%      ;
;     Processor 5            ;   2.7%      ;
;     Processor 6            ;   2.6%      ;
;     Processor 7            ;   2.6%      ;
;     Processor 8            ;   2.6%      ;
;     Processor 9            ;   2.5%      ;
;     Processor 10           ;   2.5%      ;
;     Processor 11           ;   2.5%      ;
;     Processor 12           ;   2.4%      ;
+----------------------------+-------------+


+---------------------------------------------------------------------------------------------------------------------------------------------+
; Analysis & Synthesis Source Files Read                                                                                                      ;
+----------------------------------+-----------------+-----------------+------------------------------------------------------------+---------+
; File Name with User-Entered Path ; Used in Netlist ; File Type       ; File Name with Absolute Path                               ; Library ;
+----------------------------------+-----------------+-----------------+------------------------------------------------------------+---------+
; neurax_data_interface.vhd        ; yes             ; User VHDL File  ; D:/Fax/master/neurax/neurax/FPGA/neurax_data_interface.vhd ;         ;
+----------------------------------+-----------------+-----------------+------------------------------------------------------------+---------+


+-----------------------------------------------------------+
; Analysis & Synthesis Resource Usage Summary               ;
+---------------------------------------------+-------------+
; Resource                                    ; Usage       ;
+---------------------------------------------+-------------+
; Estimate of Logic utilization (ALMs needed) ; 162268      ;
;                                             ;             ;
; Combinational ALUT usage for logic          ; 90015       ;
;     -- 7 input functions                    ; 864         ;
;     -- 6 input functions                    ; 79579       ;
;     -- 5 input functions                    ; 5           ;
;     -- 4 input functions                    ; 9523        ;
;     -- <=3 input functions                  ; 44          ;
;                                             ;             ;
; Dedicated logic registers                   ; 240058      ;
;                                             ;             ;
; I/O pins                                    ; 74          ;
;                                             ;             ;
; Total DSP Blocks                            ; 0           ;
;                                             ;             ;
; Maximum fan-out node                        ; clk_i~input ;
; Maximum fan-out                             ; 240058      ;
; Total fan-out                               ; 1482081     ;
; Average fan-out                             ; 4.49        ;
+---------------------------------------------+-------------+


+-----------------------------------------------------------------------------------------------------------------------------------------------------------------------------------------------------+
; Analysis & Synthesis Resource Utilization by Entity                                                                                                                                                 ;
+----------------------------+---------------------+---------------------------+-------------------+------------+------+--------------+------------------------+-----------------------+--------------+
; Compilation Hierarchy Node ; Combinational ALUTs ; Dedicated Logic Registers ; Block Memory Bits ; DSP Blocks ; Pins ; Virtual Pins ; Full Hierarchy Name    ; Entity Name           ; Library Name ;
+----------------------------+---------------------+---------------------------+-------------------+------------+------+--------------+------------------------+-----------------------+--------------+
; |neurax_data_interface     ; 90015 (90015)       ; 240058 (240058)           ; 0                 ; 0          ; 74   ; 0            ; |neurax_data_interface ; neurax_data_interface ; work         ;
+----------------------------+---------------------+---------------------------+-------------------+------------+------+--------------+------------------------+-----------------------+--------------+
Note: For table entries with two numbers listed, the numbers in parentheses indicate the number of resources of the given type used by the specific entity alone. The numbers listed outside of parentheses indicate the total resources of the given type used by the specific entity and all of its sub-entities in the hierarchy.


+--------------------------------------------------------------------------------+
; Registers Removed During Synthesis                                             ;
+---------------------------------------+----------------------------------------+
; Register name                         ; Reason for Removal                     ;
+---------------------------------------+----------------------------------------+
; aso_data_o[31]~reg0                   ; Stuck at GND due to stuck port data_in ;
; aso_data_o[30]~reg0                   ; Stuck at GND due to stuck port data_in ;
; aso_data_o[29]~reg0                   ; Stuck at GND due to stuck port data_in ;
; aso_data_o[28]~reg0                   ; Stuck at GND due to stuck port data_in ;
; aso_data_o[27]~reg0                   ; Stuck at GND due to stuck port data_in ;
; aso_data_o[26]~reg0                   ; Stuck at GND due to stuck port data_in ;
; aso_data_o[25]~reg0                   ; Stuck at GND due to stuck port data_in ;
; aso_data_o[24]~reg0                   ; Stuck at GND due to stuck port data_in ;
; aso_error_o~reg0                      ; Stuck at GND due to stuck port data_in ;
; Total Number of Removed Registers = 9 ;                                        ;
+---------------------------------------+----------------------------------------+


+-------------------------------------------------------+
; General Register Statistics                           ;
+----------------------------------------------+--------+
; Statistic                                    ; Value  ;
+----------------------------------------------+--------+
; Total registers                              ; 240058 ;
; Number of registers using Synchronous Clear  ; 28     ;
; Number of registers using Synchronous Load   ; 0      ;
; Number of registers using Asynchronous Clear ; 240058 ;
; Number of registers using Asynchronous Load  ; 0      ;
; Number of registers using Clock Enable       ; 240052 ;
; Number of registers using Preset             ; 0      ;
+----------------------------------------------+--------+


+--------------------------------------------------+
; Inverted Register Statistics                     ;
+----------------------------------------+---------+
; Inverted Register                      ; Fan out ;
+----------------------------------------+---------+
; ready_reg                              ; 486     ;
; Total number of inverted registers = 1 ;         ;
+----------------------------------------+---------+


+----------------------------------------------------------------------------------------------------------------------------------------------------------+
; Multiplexer Restructuring Statistics (Restructuring Performed)                                                                                           ;
+--------------------+-----------+---------------+----------------------+------------------------+------------+--------------------------------------------+
; Multiplexer Inputs ; Bus Width ; Baseline Area ; Area if Restructured ; Saving if Restructured ; Registered ; Example Multiplexer Output                 ;
+--------------------+-----------+---------------+----------------------+------------------------+------------+--------------------------------------------+
; 10000:1            ; 24 bits   ; 159984 LEs    ; 159984 LEs           ; 0 LEs                  ; Yes        ; |neurax_data_interface|aso_data_o[23]~reg0 ;
; 4:1                ; 14 bits   ; 28 LEs        ; 0 LEs                ; 28 LEs                 ; Yes        ; |neurax_data_interface|read_index[13]      ;
; 5:1                ; 14 bits   ; 42 LEs        ; 0 LEs                ; 42 LEs                 ; Yes        ; |neurax_data_interface|write_index[12]     ;
+--------------------+-----------+---------------+----------------------+------------------------+------------+--------------------------------------------+


+---------------------------------------------------------------------------------------+
; Parameter Settings for User Entity Instance: Top-level Entity: |neurax_data_interface ;
+----------------+-------+--------------------------------------------------------------+
; Parameter Name ; Value ; Type                                                         ;
+----------------+-------+--------------------------------------------------------------+
; g_PIXEL_WIDTH  ; 24    ; Signed Integer                                               ;
; g_FB_WIDTH     ; 100   ; Signed Integer                                               ;
; g_FB_HEIGHT    ; 100   ; Signed Integer                                               ;
+----------------+-------+--------------------------------------------------------------+
Note: In order to hide this table in the UI and the text report file, please set the "Show Parameter Settings in Synthesis Report" option in "Analysis and Synthesis Settings -> More Settings" to "Off".


+-----------------------------------------------------+
; Post-Synthesis Netlist Statistics for Top Partition ;
+-----------------------+-----------------------------+
; Type                  ; Count                       ;
+-----------------------+-----------------------------+
; arriav_ff             ; 240058                      ;
;     CLR               ; 6                           ;
;     ENA CLR           ; 240024                      ;
;     ENA CLR SCLR      ; 28                          ;
; arriav_lcell_comb     ; 90017                       ;
;     arith             ; 30                          ;
;         0 data inputs ; 2                           ;
;         1 data inputs ; 28                          ;
;     extend            ; 864                         ;
;         7 data inputs ; 864                         ;
;     normal            ; 89123                       ;
;         0 data inputs ; 1                           ;
;         1 data inputs ; 1                           ;
;         2 data inputs ; 11                          ;
;         3 data inputs ; 3                           ;
;         4 data inputs ; 9523                        ;
;         5 data inputs ; 5                           ;
;         6 data inputs ; 79579                       ;
; boundary_port         ; 74                          ;
;                       ;                             ;
; Max LUT depth         ; 8.00                        ;
; Average LUT depth     ; 6.67                        ;
+-----------------------+-----------------------------+


+-------------------------------+
; Elapsed Time Per Partition    ;
+----------------+--------------+
; Partition Name ; Elapsed Time ;
+----------------+--------------+
; Top            ; 00:08:03     ;
+----------------+--------------+


+-------------------------------+
; Analysis & Synthesis Messages ;
+-------------------------------+
Info: *******************************************************************
Info: Running Quartus Prime Analysis & Synthesis
    Info: Version 24.1std.0 Build 1077 03/04/2025 SC Lite Edition
    Info: Processing started: Mon Sep 22 14:37:19 2025
Info: Command: quartus_map --read_settings_files=on --write_settings_files=off neurax_data_interface -c neurax_data_interface
Warning (18236): Number of processors has not been specified which may cause overloading on shared machines.  Set the global assignment NUM_PARALLEL_PROCESSORS in your QSF to an appropriate value for best performance.
Info (20030): Parallel compilation is enabled and will use 12 of the 12 processors detected
Info (12021): Found 2 design units, including 1 entities, in source file neurax_data_interface.vhd
    Info (12022): Found design unit 1: neurax_data_interface-arch File: D:/Fax/master/neurax/neurax/FPGA/neurax_data_interface.vhd Line: 34
    Info (12023): Found entity 1: neurax_data_interface File: D:/Fax/master/neurax/neurax/FPGA/neurax_data_interface.vhd Line: 8
Info (12127): Elaborating entity "neurax_data_interface" for the top level hierarchy
Warning (10036): Verilog HDL or VHDL warning at neurax_data_interface.vhd(47): object "write_complete" assigned a value but never read File: D:/Fax/master/neurax/neurax/FPGA/neurax_data_interface.vhd Line: 47
Warning (10036): Verilog HDL or VHDL warning at neurax_data_interface.vhd(53): object "buffer_empty" assigned a value but never read File: D:/Fax/master/neurax/neurax/FPGA/neurax_data_interface.vhd Line: 53
Warning (13024): Output pins are stuck at VCC or GND
    Warning (13410): Pin "aso_data_o[24]" is stuck at GND File: D:/Fax/master/neurax/neurax/FPGA/neurax_data_interface.vhd Line: 114
    Warning (13410): Pin "aso_data_o[25]" is stuck at GND File: D:/Fax/master/neurax/neurax/FPGA/neurax_data_interface.vhd Line: 114
    Warning (13410): Pin "aso_data_o[26]" is stuck at GND File: D:/Fax/master/neurax/neurax/FPGA/neurax_data_interface.vhd Line: 114
    Warning (13410): Pin "aso_data_o[27]" is stuck at GND File: D:/Fax/master/neurax/neurax/FPGA/neurax_data_interface.vhd Line: 114
    Warning (13410): Pin "aso_data_o[28]" is stuck at GND File: D:/Fax/master/neurax/neurax/FPGA/neurax_data_interface.vhd Line: 114
    Warning (13410): Pin "aso_data_o[29]" is stuck at GND File: D:/Fax/master/neurax/neurax/FPGA/neurax_data_interface.vhd Line: 114
    Warning (13410): Pin "aso_data_o[30]" is stuck at GND File: D:/Fax/master/neurax/neurax/FPGA/neurax_data_interface.vhd Line: 114
    Warning (13410): Pin "aso_data_o[31]" is stuck at GND File: D:/Fax/master/neurax/neurax/FPGA/neurax_data_interface.vhd Line: 114
    Warning (13410): Pin "aso_error_o" is stuck at GND File: D:/Fax/master/neurax/neurax/FPGA/neurax_data_interface.vhd Line: 30
Info (286030): Timing-Driven Synthesis is running
Info (16010): Generating hard_block partition "hard_block:auto_generated_inst"
    Info (16011): Adding 0 node(s), including 0 DDIO, 0 PLL, 0 transceiver and 0 LCELL
Warning (21074): Design contains 8 input pin(s) that do not drive logic
    Warning (15610): No output dependent on input pin "asi_data_i[24]" File: D:/Fax/master/neurax/neurax/FPGA/neurax_data_interface.vhd Line: 20
    Warning (15610): No output dependent on input pin "asi_data_i[25]" File: D:/Fax/master/neurax/neurax/FPGA/neurax_data_interface.vhd Line: 20
    Warning (15610): No output dependent on input pin "asi_data_i[26]" File: D:/Fax/master/neurax/neurax/FPGA/neurax_data_interface.vhd Line: 20
    Warning (15610): No output dependent on input pin "asi_data_i[27]" File: D:/Fax/master/neurax/neurax/FPGA/neurax_data_interface.vhd Line: 20
    Warning (15610): No output dependent on input pin "asi_data_i[28]" File: D:/Fax/master/neurax/neurax/FPGA/neurax_data_interface.vhd Line: 20
    Warning (15610): No output dependent on input pin "asi_data_i[29]" File: D:/Fax/master/neurax/neurax/FPGA/neurax_data_interface.vhd Line: 20
    Warning (15610): No output dependent on input pin "asi_data_i[30]" File: D:/Fax/master/neurax/neurax/FPGA/neurax_data_interface.vhd Line: 20
    Warning (15610): No output dependent on input pin "asi_data_i[31]" File: D:/Fax/master/neurax/neurax/FPGA/neurax_data_interface.vhd Line: 20
Info (21057): Implemented 330110 device resources after synthesis - the final resource count might be different
    Info (21058): Implemented 38 input pins
    Info (21059): Implemented 36 output pins
    Info (21061): Implemented 330036 logic cells
Info: Quartus Prime Analysis & Synthesis was successful. 0 errors, 22 warnings
    Info: Peak virtual memory: 7959 megabytes
    Info: Processing ended: Mon Sep 22 14:47:14 2025
    Info: Elapsed time: 00:09:55
    Info: Total CPU time (on all processors): 00:13:12


